seed 55
              701500 TIMING SETUP/RECOVERY tb.dut.DFFEARS_1541 (D 0.28 / AR,AS release 500.75 ns before CLK)
              701573 TIMING HOLD tb.dut.DFFEARS_17 (D changed 0.07 ns after CLK)
           112731410 TIMING SETUP/RECOVERY tb.u4.DFFEARS_37 (D 4034.83 / AR,AS release 1.10 ns before CLK)
           112731410 TIMING SETUP/RECOVERY tb.u4.DFFEARS_50 (D 4235.17 / AR,AS release 0.34 ns before CLK)
           112731410 TIMING SETUP/RECOVERY tb.u4.DFFEARS_63 (D 4034.92 / AR,AS release 0.52 ns before CLK)
           112731410 TIMING SETUP/RECOVERY tb.u4.DFFEARS_83 (D 4235.55 / AR,AS release 0.99 ns before CLK)
           112731410 TIMING SETUP/RECOVERY tb.u4.DFFEARS_125 (D 112724.67 / AR,AS release 2.09 ns before CLK)
           112731410 TIMING SETUP/RECOVERY tb.u4.DFFEARS_1002 (D 4035.51 / AR,AS release 0.26 ns before CLK)
           112731410 TIMING SETUP/RECOVERY tb.u4.DFFEARS_1042 (D 4034.55 / AR,AS release 0.31 ns before CLK)
           112731410 TIMING SETUP/RECOVERY tb.u4.DFFEARS_1061 (D 4034.71 / AR,AS release 0.29 ns before CLK)
           112941500 TIMING SETUP/RECOVERY tb.dut.DFFEARS_1541 (D 0.28 / AR,AS release 112740.74 ns before CLK)
           112941573 TIMING HOLD tb.dut.DFFEARS_17 (D changed 0.07 ns after CLK)
           112971650 TIMING SETUP/RECOVERY tb.u4.DFFEARS_941 (D 15.20 / AR,AS release 0.76 ns before CLK)
           113251930 TIMING SETUP/RECOVERY tb.u4.DFFEARS_37 (D 251.05 / AR,AS release 0.89 ns before CLK)
           113251930 TIMING SETUP/RECOVERY tb.u4.DFFEARS_50 (D 251.19 / AR,AS release 0.12 ns before CLK)
           113251930 TIMING SETUP/RECOVERY tb.u4.DFFEARS_63 (D 29.46 / AR,AS release 0.31 ns before CLK)
           113251930 TIMING SETUP/RECOVERY tb.u4.DFFEARS_83 (D 251.57 / AR,AS release 0.78 ns before CLK)
           113251930 TIMING SETUP/RECOVERY tb.u4.DFFEARS_125 (D 32.66 / AR,AS release 1.88 ns before CLK)
           113251930 TIMING SETUP/RECOVERY tb.u4.DFFEARS_1002 (D 251.72 / AR,AS release 0.05 ns before CLK)
           113251930 TIMING SETUP/RECOVERY tb.u4.DFFEARS_1042 (D 30.10 / AR,AS release 0.10 ns before CLK)
           113251930 TIMING SETUP/RECOVERY tb.u4.DFFEARS_1061 (D 250.93 / AR,AS release 0.08 ns before CLK)
           113452130 TIMING SETUP/RECOVERY tb.u4.DFFEARS_37 (D 31.93 / AR,AS release 1.82 ns before CLK)
           113452130 TIMING SETUP/RECOVERY tb.u4.DFFEARS_50 (D 451.39 / AR,AS release 1.06 ns before CLK)
           113452130 TIMING SETUP/RECOVERY tb.u4.DFFEARS_63 (D 30.09 / AR,AS release 1.24 ns before CLK)
           113452130 TIMING SETUP/RECOVERY tb.u4.DFFEARS_83 (D 451.77 / AR,AS release 1.71 ns before CLK)
           113452130 TIMING SETUP/RECOVERY tb.u4.DFFEARS_105 (D 30.65 / AR,AS release 0.23 ns before CLK)
           113452130 TIMING SETUP/RECOVERY tb.u4.DFFEARS_125 (D 33.29 / AR,AS release 2.81 ns before CLK)
           113452130 TIMING SETUP/RECOVERY tb.u4.DFFEARS_1002 (D 31.78 / AR,AS release 0.98 ns before CLK)
           113452130 TIMING SETUP/RECOVERY tb.u4.DFFEARS_1042 (D 30.73 / AR,AS release 1.03 ns before CLK)
           113452130 TIMING SETUP/RECOVERY tb.u4.DFFEARS_1061 (D 30.96 / AR,AS release 1.01 ns before CLK)
           114101500 TIMING SETUP/RECOVERY tb.dut.DFFEARS_1541 (D 0.28 / AR,AS release 113900.74 ns before CLK)
           114101573 TIMING HOLD tb.dut.DFFEARS_17 (D changed 0.07 ns after CLK)
           114132810 TIMING SETUP/RECOVERY tb.u4.DFFEARS_941 (D 15.20 / AR,AS release 1.92 ns before CLK)
           114132810 TIMING SETUP/RECOVERY tb.u4.DFFEARS_1091 (D 715.53 / AR,AS release 1.07 ns before CLK)
           114781500 TIMING SETUP/RECOVERY tb.dut.DFFEARS_17 (D 0.88 / AR,AS release 645.59 ns before CLK)
           114813490 TIMING SETUP/RECOVERY tb.u4.DFFEARS_93 (D 1395.53 / AR,AS release 1.34 ns before CLK)
           114813490 TIMING SETUP/RECOVERY tb.u4.DFFEARS_247 (D 1394.93 / AR,AS release 1.45 ns before CLK)
           114813490 TIMING SETUP/RECOVERY tb.u4.DFFEARS_1077 (D 1394.88 / AR,AS release 1.30 ns before CLK)
           114813490 TIMING SETUP/RECOVERY tb.u4.DFFEARS_1091 (D 1396.21 / AR,AS release 2.70 ns before CLK)
           115013690 TIMING SETUP/RECOVERY tb.u4.DFFEARS_941 (D 15.20 / AR,AS release 0.87 ns before CLK)
           115013690 TIMING SETUP/RECOVERY tb.u4.DFFEARS_1091 (D 26.55 / AR,AS release 0.02 ns before CLK)
           115134943 TIMING HOLD tb.u4.DFFEARS_867 (D changed 1.13 ns after CLK)
           115173850 TIMING SETUP/RECOVERY tb.u4.DFFEARS_105 (D 182.51 / AR,AS release 1.66 ns before CLK)
           115741500 TIMING SETUP/RECOVERY tb.dut.DFFEARS_17 (D 0.85 / AR,AS release 237.43 ns before CLK)
           115774450 TIMING SETUP/RECOVERY tb.u4.DFFEARS_93 (D 786.63 / AR,AS release 2.27 ns before CLK)
           115774450 TIMING SETUP/RECOVERY tb.u4.DFFEARS_247 (D 786.03 / AR,AS release 2.38 ns before CLK)
           115774450 TIMING SETUP/RECOVERY tb.u4.DFFEARS_1077 (D 785.98 / AR,AS release 2.23 ns before CLK)
           115974650 TIMING SETUP/RECOVERY tb.u4.DFFEARS_93 (D 986.83 / AR,AS release 1.55 ns before CLK)
           115974650 TIMING SETUP/RECOVERY tb.u4.DFFEARS_247 (D 986.23 / AR,AS release 1.66 ns before CLK)
           115974650 TIMING SETUP/RECOVERY tb.u4.DFFEARS_1077 (D 986.18 / AR,AS release 1.51 ns before CLK)
           116455130 TIMING SETUP/RECOVERY tb.u4.DFFEARS_105 (D 1463.79 / AR,AS release 2.28 ns before CLK)
           118261500 TIMING SETUP/RECOVERY tb.dut.DFFEARS_17 (D 7.28 / AR,AS release 2.94 ns before CLK)
           118261500 TIMING SETUP/RECOVERY tb.dut.DFFEARS_1097 (D 445.01 / AR,AS release 2.96 ns before CLK)
           119861500 TIMING SETUP/RECOVERY tb.dut.DFFEARS_57 (D 45.81 / AR,AS release 2.20 ns before CLK)
           119861500 TIMING SETUP/RECOVERY tb.dut.DFFEARS_230 (D 38.54 / AR,AS release 1.90 ns before CLK)
           119861500 TIMING SETUP/RECOVERY tb.dut.DFFEARS_328 (D 4390.75 / AR,AS release 2.12 ns before CLK)
           119861500 TIMING SETUP/RECOVERY tb.dut.DFFEARS_705 (D 6911.58 / AR,AS release 2.33 ns before CLK)
           119861500 TIMING SETUP/RECOVERY tb.dut.DFFEARS_731 (D 46.47 / AR,AS release 2.44 ns before CLK)
           119861500 TIMING SETUP/RECOVERY tb.dut.DFFEARS_753 (D 230.91 / AR,AS release 2.07 ns before CLK)
           119861500 TIMING SETUP/RECOVERY tb.dut.DFFEARS_781 (D 2042.17 / AR,AS release 2.26 ns before CLK)
           119861500 TIMING SETUP/RECOVERY tb.dut.DFFEARS_805 (D 227.81 / AR,AS release 1.89 ns before CLK)
           119861500 TIMING SETUP/RECOVERY tb.dut.DFFEARS_858 (D 227.56 / AR,AS release 2.53 ns before CLK)
           119861500 TIMING SETUP/RECOVERY tb.dut.DFFEARS_912 (D 3711.80 / AR,AS release 2.83 ns before CLK)
           119861500 TIMING SETUP/RECOVERY tb.dut.DFFEARS_1042 (D 119861.50 / AR,AS release 2.79 ns before CLK)
           119861500 TIMING SETUP/RECOVERY tb.dut.DFFEARS_1097 (D 235.73 / AR,AS release 1.31 ns before CLK)
           119861500 TIMING SETUP/RECOVERY tb.dut.DFFEARS_1132 (D 230.74 / AR,AS release 1.74 ns before CLK)
           119861500 TIMING SETUP/RECOVERY tb.dut.DFFEARS_1189 (D 119861.50 / AR,AS release 2.18 ns before CLK)
           119861500 TIMING SETUP/RECOVERY tb.dut.DFFEARS_1924 (D 119861.50 / AR,AS release 1.74 ns before CLK)
           120381500 TIMING SETUP/RECOVERY tb.dut.DFFEARS_57 (D 30.55 / AR,AS release 2.19 ns before CLK)
           120381500 TIMING SETUP/RECOVERY tb.dut.DFFEARS_97 (D 32.43 / AR,AS release 2.99 ns before CLK)
           120381500 TIMING SETUP/RECOVERY tb.dut.DFFEARS_230 (D 558.54 / AR,AS release 1.90 ns before CLK)
           120381500 TIMING SETUP/RECOVERY tb.dut.DFFEARS_328 (D 4910.75 / AR,AS release 2.11 ns before CLK)
           120381500 TIMING SETUP/RECOVERY tb.dut.DFFEARS_705 (D 7431.58 / AR,AS release 2.32 ns before CLK)
           120381500 TIMING SETUP/RECOVERY tb.dut.DFFEARS_731 (D 31.21 / AR,AS release 2.43 ns before CLK)
           120381500 TIMING SETUP/RECOVERY tb.dut.DFFEARS_753 (D 750.91 / AR,AS release 2.06 ns before CLK)
           120381500 TIMING SETUP/RECOVERY tb.dut.DFFEARS_781 (D 2562.17 / AR,AS release 2.24 ns before CLK)
           120381500 TIMING SETUP/RECOVERY tb.dut.DFFEARS_805 (D 747.81 / AR,AS release 1.88 ns before CLK)
           120381500 TIMING SETUP/RECOVERY tb.dut.DFFEARS_858 (D 747.56 / AR,AS release 2.52 ns before CLK)
           120381500 TIMING SETUP/RECOVERY tb.dut.DFFEARS_912 (D 4231.80 / AR,AS release 2.82 ns before CLK)
           120381500 TIMING SETUP/RECOVERY tb.dut.DFFEARS_1042 (D 120381.50 / AR,AS release 2.78 ns before CLK)
           120381500 TIMING SETUP/RECOVERY tb.dut.DFFEARS_1097 (D 755.73 / AR,AS release 1.30 ns before CLK)
           120381500 TIMING SETUP/RECOVERY tb.dut.DFFEARS_1132 (D 750.74 / AR,AS release 1.73 ns before CLK)
           120381500 TIMING SETUP/RECOVERY tb.dut.DFFEARS_1189 (D 120381.50 / AR,AS release 2.17 ns before CLK)
           120381500 TIMING SETUP/RECOVERY tb.dut.DFFEARS_1924 (D 30.55 / AR,AS release 1.74 ns before CLK)
           120699370 TIMING SETUP/RECOVERY tb.u4.DFFEARS_867 (D 2.44 / AR,AS release 1000120699.37 ns before CLK)
           120899570 TIMING SETUP/RECOVERY tb.u4.DFFEARS_867 (D 0.47 / AR,AS release 1000120899.57 ns before CLK)
           120941500 TIMING SETUP/RECOVERY tb.dut.DFFEARS_57 (D 37.64 / AR,AS release 2.22 ns before CLK)
           120941500 TIMING SETUP/RECOVERY tb.dut.DFFEARS_230 (D 30.37 / AR,AS release 1.93 ns before CLK)
           120941500 TIMING SETUP/RECOVERY tb.dut.DFFEARS_328 (D 5470.75 / AR,AS release 2.14 ns before CLK)
           120941500 TIMING SETUP/RECOVERY tb.dut.DFFEARS_705 (D 7991.58 / AR,AS release 2.35 ns before CLK)
           120941500 TIMING SETUP/RECOVERY tb.dut.DFFEARS_731 (D 38.30 / AR,AS release 2.46 ns before CLK)
           120941500 TIMING SETUP/RECOVERY tb.dut.DFFEARS_753 (D 1310.91 / AR,AS release 2.09 ns before CLK)
           120941500 TIMING SETUP/RECOVERY tb.dut.DFFEARS_781 (D 3122.17 / AR,AS release 2.27 ns before CLK)
           120941500 TIMING SETUP/RECOVERY tb.dut.DFFEARS_805 (D 1307.81 / AR,AS release 1.91 ns before CLK)
           120941500 TIMING SETUP/RECOVERY tb.dut.DFFEARS_858 (D 1307.56 / AR,AS release 2.55 ns before CLK)
           120941500 TIMING SETUP/RECOVERY tb.dut.DFFEARS_912 (D 4791.80 / AR,AS release 2.85 ns before CLK)
           120941500 TIMING SETUP/RECOVERY tb.dut.DFFEARS_1042 (D 120941.50 / AR,AS release 2.81 ns before CLK)
           120941500 TIMING SETUP/RECOVERY tb.dut.DFFEARS_1132 (D 1310.74 / AR,AS release 1.76 ns before CLK)
           120941500 TIMING SETUP/RECOVERY tb.dut.DFFEARS_1189 (D 120941.50 / AR,AS release 2.20 ns before CLK)
           120941500 TIMING SETUP/RECOVERY tb.dut.DFFEARS_1924 (D 590.55 / AR,AS release 1.76 ns before CLK)
           121139810 TIMING SETUP/RECOVERY tb.u4.DFFEARS_867 (D 1.15 / AR,AS release 1000121139.81 ns before CLK)
           122181500 TIMING SETUP/RECOVERY tb.dut.DFFEARS_97 (D 32.43 / AR,AS release 2.82 ns before CLK)
           122181500 TIMING SETUP/RECOVERY tb.dut.DFFEARS_354 (D 32.95 / AR,AS release 2.91 ns before CLK)
           124941500 TIMING SETUP/RECOVERY tb.dut.DFFEARS_97 (D 35.75 / AR,AS release 1.52 ns before CLK)
           124941500 TIMING SETUP/RECOVERY tb.dut.DFFEARS_354 (D 36.03 / AR,AS release 1.61 ns before CLK)
           125826193 TIMING HOLD tb.u4.DFFEARS_867 (D changed 1.70 ns after CLK)
           126706193 TIMING HOLD tb.u4.DFFEARS_867 (D changed 0.82 ns after CLK)
           130901500 TIMING SETUP/RECOVERY tb.dut.DFFEARS_354 (D 193.15 / AR,AS release 1.49 ns before CLK)
cycles 4411; harmless wrong-cycle runts on ROM_CE/DUART_CS/DRAM_SEL (no strobe): 0
MC68882: #8 violations 0; #8B CS->DS(write) min 21.83 ns (>= 20); #9 AS->CS negated min 5.19 ns (>= 5)
DSACK: glue releases all termination pins <= 15.75 ns after AS rises; contention events 0, longest 0.00 ns
U4: DSACK driven high <= 12.27 ns and released <= 13.51 ns after AS rises; still driving after the next AS fell: 0 times (longest 0.00 ns)
U4 -> next DSACK/BERR/AVEC driver (68882, glue, expansion) hand-over gap: min 21.81 ns
SIMM model: 1304 reads, 845 writes (lane strobes), CBR side0 118 side1 118, timing errors 0
  min tRAS 80.1 tRP 60.1 tRCD 39.1 tRAH 23.4 tASC 14.5 tCAH n/a(col held to CAS high) tCP 99.9 tCAS 57.8 tCSR 19.4 tCHR 80.0 tWCS 19.7 tWCH 55.2
  init: first RAS 105.2 us after reset release; CBR cycles before first access: side0 9 side1 9
  max refresh gap per side (after init): side0 15135.1 ns side1 15175.2 ns (limit 15625)
DRAM: 326 long-word reads (884 bytes compared), 0 mismatching bytes; SIMM data release -> CPU write data on: min 15.21 ns
U4 DSACK0/DSACK1 assertion skew: max 0.24 ns over 619 cycles (EC #31A max 7.0)
DRAM wait states: 2:534 3:71 4:6 5:2 6+:6
IDE PIO-0: t0 min 679.66 (>=600), t1 min 118.89 (>=70), t2 min 360.00 (>=290), t4 min 99.17 (>=30), t9 min 44.35 (>=20) ns
DFF timing-check hits (setup/recovery 20704, hold 2661): expected on the asynchronous AS_n/IORDY capture edges and AS-driven preset/clear releases
done, errors=0
tb_system.v:301: $finish called at 1753174700 (1ps)
