seed 33
              539330 TIMING SETUP/RECOVERY tb.u4.DFFEARS_83 (D 526.20 / AR,AS release 2.98 ns before CLK)
              699959 TIMING HOLD tb.u4.DFFEARS_867 (D changed 0.47 ns after CLK)
           112421500 TIMING SETUP/RECOVERY tb.dut.DFFEARS_17 (D 2.51 / AR,AS release 124.34 ns before CLK)
           112451130 TIMING SETUP/RECOVERY tb.u4.DFFEARS_93 (D 190.38 / AR,AS release 1.34 ns before CLK)
           112451130 TIMING SETUP/RECOVERY tb.u4.DFFEARS_125 (D 190.80 / AR,AS release 0.95 ns before CLK)
           112451130 TIMING SETUP/RECOVERY tb.u4.DFFEARS_247 (D 190.59 / AR,AS release 1.15 ns before CLK)
           112451130 TIMING SETUP/RECOVERY tb.u4.DFFEARS_941 (D 15.41 / AR,AS release 1.43 ns before CLK)
           112451130 TIMING SETUP/RECOVERY tb.u4.DFFEARS_1077 (D 189.34 / AR,AS release 1.10 ns before CLK)
           112661500 TIMING SETUP/RECOVERY tb.dut.DFFEARS_1541 (D 0.76 / AR,AS release 112460.33 ns before CLK)
           112661546 TIMING HOLD tb.dut.DFFEARS_17 (D changed 0.05 ns after CLK)
           112901500 TIMING SETUP/RECOVERY tb.dut.DFFEARS_1541 (D 0.76 / AR,AS release 112700.33 ns before CLK)
           112901546 TIMING HOLD tb.dut.DFFEARS_17 (D changed 0.05 ns after CLK)
           113581500 TIMING SETUP/RECOVERY tb.dut.DFFEARS_1541 (D 0.76 / AR,AS release 113380.33 ns before CLK)
           113581546 TIMING HOLD tb.dut.DFFEARS_17 (D changed 0.05 ns after CLK)
           113612290 TIMING SETUP/RECOVERY tb.u4.DFFEARS_941 (D 15.41 / AR,AS release 0.03 ns before CLK)
           114301500 TIMING SETUP/RECOVERY tb.dut.DFFEARS_17 (D 6.13 / AR,AS release 1.96 ns before CLK)
           114301500 TIMING SETUP/RECOVERY tb.dut.DFFEARS_57 (D 31.24 / AR,AS release 1.89 ns before CLK)
           114301500 TIMING SETUP/RECOVERY tb.dut.DFFEARS_97 (D 35.14 / AR,AS release 3.00 ns before CLK)
           114301500 TIMING SETUP/RECOVERY tb.dut.DFFEARS_230 (D 1623.63 / AR,AS release 2.84 ns before CLK)
           114301500 TIMING SETUP/RECOVERY tb.dut.DFFEARS_328 (D 1871.42 / AR,AS release 1.96 ns before CLK)
           114301500 TIMING SETUP/RECOVERY tb.dut.DFFEARS_354 (D 35.13 / AR,AS release 2.75 ns before CLK)
           114301500 TIMING SETUP/RECOVERY tb.dut.DFFEARS_705 (D 1630.91 / AR,AS release 2.37 ns before CLK)
           114301500 TIMING SETUP/RECOVERY tb.dut.DFFEARS_753 (D 30.77 / AR,AS release 1.93 ns before CLK)
           114301500 TIMING SETUP/RECOVERY tb.dut.DFFEARS_781 (D 707.85 / AR,AS release 2.98 ns before CLK)
           114301500 TIMING SETUP/RECOVERY tb.dut.DFFEARS_805 (D 27.93 / AR,AS release 2.35 ns before CLK)
           114301500 TIMING SETUP/RECOVERY tb.dut.DFFEARS_858 (D 29.20 / AR,AS release 2.03 ns before CLK)
           114301500 TIMING SETUP/RECOVERY tb.dut.DFFEARS_1042 (D 114301.50 / AR,AS release 2.79 ns before CLK)
           114301500 TIMING SETUP/RECOVERY tb.dut.DFFEARS_1132 (D 31.14 / AR,AS release 2.83 ns before CLK)
           114301500 TIMING SETUP/RECOVERY tb.dut.DFFEARS_1189 (D 36.63 / AR,AS release 2.73 ns before CLK)
           114301500 TIMING SETUP/RECOVERY tb.dut.DFFEARS_1924 (D 114301.50 / AR,AS release 2.97 ns before CLK)
           114573250 TIMING SETUP/RECOVERY tb.u4.DFFEARS_37 (D 1472.56 / AR,AS release 1.09 ns before CLK)
           114573250 TIMING SETUP/RECOVERY tb.u4.DFFEARS_50 (D 1472.30 / AR,AS release 0.58 ns before CLK)
           114573250 TIMING SETUP/RECOVERY tb.u4.DFFEARS_63 (D 5878.37 / AR,AS release 1.28 ns before CLK)
           114573250 TIMING SETUP/RECOVERY tb.u4.DFFEARS_83 (D 1473.43 / AR,AS release 0.15 ns before CLK)
           114573250 TIMING SETUP/RECOVERY tb.u4.DFFEARS_105 (D 5877.37 / AR,AS release 1.56 ns before CLK)
           114573250 TIMING SETUP/RECOVERY tb.u4.DFFEARS_1002 (D 1473.34 / AR,AS release 1.83 ns before CLK)
           114573250 TIMING SETUP/RECOVERY tb.u4.DFFEARS_1042 (D 1473.73 / AR,AS release 1.13 ns before CLK)
           114573250 TIMING SETUP/RECOVERY tb.u4.DFFEARS_1061 (D 1472.08 / AR,AS release 0.75 ns before CLK)
           114573250 TIMING SETUP/RECOVERY tb.u4.DFFEARS_1091 (D 1664.74 / AR,AS release 2.34 ns before CLK)
           114813490 TIMING SETUP/RECOVERY tb.u4.DFFEARS_93 (D 1905.84 / AR,AS release 1.14 ns before CLK)
           114813490 TIMING SETUP/RECOVERY tb.u4.DFFEARS_125 (D 1906.26 / AR,AS release 0.75 ns before CLK)
           114813490 TIMING SETUP/RECOVERY tb.u4.DFFEARS_247 (D 1906.05 / AR,AS release 0.95 ns before CLK)
           114813490 TIMING SETUP/RECOVERY tb.u4.DFFEARS_941 (D 15.41 / AR,AS release 1.23 ns before CLK)
           114813490 TIMING SETUP/RECOVERY tb.u4.DFFEARS_1077 (D 2551.70 / AR,AS release 0.90 ns before CLK)
           115013690 TIMING SETUP/RECOVERY tb.u4.DFFEARS_93 (D 2106.04 / AR,AS release 1.34 ns before CLK)
           115013690 TIMING SETUP/RECOVERY tb.u4.DFFEARS_125 (D 2106.46 / AR,AS release 0.95 ns before CLK)
           115013690 TIMING SETUP/RECOVERY tb.u4.DFFEARS_247 (D 2106.25 / AR,AS release 1.15 ns before CLK)
           115013690 TIMING SETUP/RECOVERY tb.u4.DFFEARS_1077 (D 2751.90 / AR,AS release 1.10 ns before CLK)
           115934610 TIMING SETUP/RECOVERY tb.u4.DFFEARS_1091 (D 3026.10 / AR,AS release 0.46 ns before CLK)
           116775450 TIMING SETUP/RECOVERY tb.u4.DFFEARS_867 (D 0.50 / AR,AS release 1000116775.45 ns before CLK)
           117015690 TIMING SETUP/RECOVERY tb.u4.DFFEARS_37 (D 24.37 / AR,AS release 0.29 ns before CLK)
           117015690 TIMING SETUP/RECOVERY tb.u4.DFFEARS_63 (D 8320.81 / AR,AS release 0.48 ns before CLK)
           117015690 TIMING SETUP/RECOVERY tb.u4.DFFEARS_105 (D 8319.81 / AR,AS release 0.76 ns before CLK)
           117015690 TIMING SETUP/RECOVERY tb.u4.DFFEARS_1002 (D 25.71 / AR,AS release 1.03 ns before CLK)
           117015690 TIMING SETUP/RECOVERY tb.u4.DFFEARS_1042 (D 24.97 / AR,AS release 0.33 ns before CLK)
           117015690 TIMING SETUP/RECOVERY tb.u4.DFFEARS_1091 (D 27.18 / AR,AS release 1.54 ns before CLK)
           117696370 TIMING SETUP/RECOVERY tb.u4.DFFEARS_37 (D 705.04 / AR,AS release 0.97 ns before CLK)
           117696370 TIMING SETUP/RECOVERY tb.u4.DFFEARS_50 (D 705.71 / AR,AS release 0.46 ns before CLK)
           117696370 TIMING SETUP/RECOVERY tb.u4.DFFEARS_63 (D 9001.49 / AR,AS release 1.16 ns before CLK)
           117696370 TIMING SETUP/RECOVERY tb.u4.DFFEARS_83 (D 704.88 / AR,AS release 0.03 ns before CLK)
           117696370 TIMING SETUP/RECOVERY tb.u4.DFFEARS_105 (D 9000.49 / AR,AS release 1.44 ns before CLK)
           117696370 TIMING SETUP/RECOVERY tb.u4.DFFEARS_1002 (D 706.39 / AR,AS release 1.71 ns before CLK)
           117696370 TIMING SETUP/RECOVERY tb.u4.DFFEARS_1042 (D 705.65 / AR,AS release 1.01 ns before CLK)
           117696370 TIMING SETUP/RECOVERY tb.u4.DFFEARS_1061 (D 704.73 / AR,AS release 0.63 ns before CLK)
           118497170 TIMING SETUP/RECOVERY tb.u4.DFFEARS_50 (D 1506.51 / AR,AS release 1.26 ns before CLK)
           118497170 TIMING SETUP/RECOVERY tb.u4.DFFEARS_1061 (D 1505.53 / AR,AS release 1.43 ns before CLK)
           120219519 TIMING HOLD tb.u4.DFFEARS_867 (D changed 0.63 ns after CLK)
           122381500 TIMING SETUP/RECOVERY tb.dut.DFFEARS_17 (D 6.74 / AR,AS release 2.57 ns before CLK)
           122381500 TIMING SETUP/RECOVERY tb.dut.DFFEARS_57 (D 31.24 / AR,AS release 2.50 ns before CLK)
           122381500 TIMING SETUP/RECOVERY tb.dut.DFFEARS_328 (D 9951.42 / AR,AS release 2.57 ns before CLK)
           122381500 TIMING SETUP/RECOVERY tb.dut.DFFEARS_705 (D 7150.91 / AR,AS release 2.98 ns before CLK)
           122381500 TIMING SETUP/RECOVERY tb.dut.DFFEARS_753 (D 33.54 / AR,AS release 2.54 ns before CLK)
           122381500 TIMING SETUP/RECOVERY tb.dut.DFFEARS_805 (D 787.93 / AR,AS release 2.96 ns before CLK)
           122381500 TIMING SETUP/RECOVERY tb.dut.DFFEARS_858 (D 389.85 / AR,AS release 2.64 ns before CLK)
           122581500 TIMING SETUP/RECOVERY tb.dut.DFFEARS_57 (D 48.13 / AR,AS release 1.56 ns before CLK)
           122581500 TIMING SETUP/RECOVERY tb.dut.DFFEARS_97 (D 47.88 / AR,AS release 2.67 ns before CLK)
           122581500 TIMING SETUP/RECOVERY tb.dut.DFFEARS_230 (D 232.42 / AR,AS release 2.51 ns before CLK)
           122581500 TIMING SETUP/RECOVERY tb.dut.DFFEARS_328 (D 10151.42 / AR,AS release 1.63 ns before CLK)
           122581500 TIMING SETUP/RECOVERY tb.dut.DFFEARS_354 (D 49.46 / AR,AS release 2.42 ns before CLK)
           122581500 TIMING SETUP/RECOVERY tb.dut.DFFEARS_705 (D 7350.91 / AR,AS release 2.04 ns before CLK)
           122581500 TIMING SETUP/RECOVERY tb.dut.DFFEARS_731 (D 47.49 / AR,AS release 2.87 ns before CLK)
           122581500 TIMING SETUP/RECOVERY tb.dut.DFFEARS_753 (D 233.54 / AR,AS release 1.60 ns before CLK)
           122581500 TIMING SETUP/RECOVERY tb.dut.DFFEARS_781 (D 987.80 / AR,AS release 2.65 ns before CLK)
           122581500 TIMING SETUP/RECOVERY tb.dut.DFFEARS_805 (D 987.93 / AR,AS release 2.02 ns before CLK)
           122581500 TIMING SETUP/RECOVERY tb.dut.DFFEARS_858 (D 589.85 / AR,AS release 1.70 ns before CLK)
           122581500 TIMING SETUP/RECOVERY tb.dut.DFFEARS_912 (D 230.90 / AR,AS release 2.74 ns before CLK)
           122581500 TIMING SETUP/RECOVERY tb.dut.DFFEARS_1042 (D 122581.50 / AR,AS release 2.46 ns before CLK)
           122581500 TIMING SETUP/RECOVERY tb.dut.DFFEARS_1097 (D 995.45 / AR,AS release 2.84 ns before CLK)
           122581500 TIMING SETUP/RECOVERY tb.dut.DFFEARS_1132 (D 991.14 / AR,AS release 2.50 ns before CLK)
           122581500 TIMING SETUP/RECOVERY tb.dut.DFFEARS_1189 (D 996.63 / AR,AS release 2.40 ns before CLK)
           122581500 TIMING SETUP/RECOVERY tb.dut.DFFEARS_1924 (D 822.79 / AR,AS release 2.64 ns before CLK)
           123784019 TIMING HOLD tb.u4.DFFEARS_867 (D changed 1.57 ns after CLK)
           125221500 TIMING SETUP/RECOVERY tb.dut.DFFEARS_97 (D 30.99 / AR,AS release 0.61 ns before CLK)
           125221500 TIMING SETUP/RECOVERY tb.dut.DFFEARS_230 (D 343.68 / AR,AS release 0.45 ns before CLK)
           125221500 TIMING SETUP/RECOVERY tb.dut.DFFEARS_354 (D 32.57 / AR,AS release 0.36 ns before CLK)
           125221500 TIMING SETUP/RECOVERY tb.dut.DFFEARS_731 (D 30.60 / AR,AS release 0.81 ns before CLK)
           125221500 TIMING SETUP/RECOVERY tb.dut.DFFEARS_781 (D 3627.80 / AR,AS release 0.59 ns before CLK)
           125221500 TIMING SETUP/RECOVERY tb.dut.DFFEARS_912 (D 350.73 / AR,AS release 0.68 ns before CLK)
           125221500 TIMING SETUP/RECOVERY tb.dut.DFFEARS_1042 (D 125221.50 / AR,AS release 0.40 ns before CLK)
           125221500 TIMING SETUP/RECOVERY tb.dut.DFFEARS_1097 (D 595.45 / AR,AS release 0.78 ns before CLK)
           125221500 TIMING SETUP/RECOVERY tb.dut.DFFEARS_1132 (D 591.14 / AR,AS release 0.44 ns before CLK)
           125221500 TIMING SETUP/RECOVERY tb.dut.DFFEARS_1189 (D 596.63 / AR,AS release 0.34 ns before CLK)
           125221500 TIMING SETUP/RECOVERY tb.dut.DFFEARS_1924 (D 1262.79 / AR,AS release 0.58 ns before CLK)
           125424090 TIMING SETUP/RECOVERY tb.u4.DFFEARS_867 (D 0.72 / AR,AS release 1000125424.09 ns before CLK)
           125621500 TIMING SETUP/RECOVERY tb.dut.DFFEARS_731 (D 30.60 / AR,AS release 1.36 ns before CLK)
           125621500 TIMING SETUP/RECOVERY tb.dut.DFFEARS_912 (D 750.73 / AR,AS release 1.23 ns before CLK)
           125621500 TIMING SETUP/RECOVERY tb.dut.DFFEARS_1097 (D 995.45 / AR,AS release 1.33 ns before CLK)
           127225890 TIMING SETUP/RECOVERY tb.u4.DFFEARS_867 (D 2.66 / AR,AS release 1000127225.89 ns before CLK)
           830661500 TIMING SETUP/RECOVERY tb.dut.DFFEARS_833 (D 0.98 / AR,AS release 830460.01 ns before CLK)
cycles 4410; harmless wrong-cycle runts on ROM_CE/DUART_CS/DRAM_SEL (no strobe): 0
MC68882: #8 violations 0; #8B CS->DS(write) min 21.58 ns (>= 20); #9 AS->CS negated min 5.42 ns (>= 5)
DSACK: glue releases all termination pins <= 16.90 ns after AS rises; contention events 0, longest 0.00 ns
U4: DSACK driven high <= 5.90 ns and released <= 13.94 ns after AS rises; still driving after the next AS fell: 0 times (longest 0.00 ns)
U4 -> next DSACK/BERR/AVEC driver (68882, glue, expansion) hand-over gap: min 22.65 ns
SIMM model: 1180 reads, 901 writes (lane strobes), CBR side0 118 side1 117, timing errors 0
  min tRAS 80.1 tRP 60.1 tRCD 39.4 tRAH 23.8 tASC 14.4 tCAH n/a(col held to CAS high) tCP 99.5 tCAS 60.6 tCSR 19.4 tCHR 80.1 tWCS 19.6 tWCH 58.3
  init: first RAS 105.2 us after reset release; CBR cycles before first access: side0 9 side1 8
  max refresh gap per side (after init): side0 15195.2 ns side1 15195.2 ns (limit 15625)
DRAM: 295 long-word reads (896 bytes compared), 0 mismatching bytes; SIMM data release -> CPU write data on: min 15.41 ns
U4 DSACK0/DSACK1 assertion skew: max 0.84 ns over 611 cycles (EC #31A max 7.0)
DRAM wait states: 2:454 3:139 4:2 5:2 6+:14
IDE PIO-0: t0 min 679.58 (>=600), t1 min 119.62 (>=70), t2 min 360.00 (>=290), t4 min 99.57 (>=30), t9 min 44.14 (>=20) ns
DFF timing-check hits (setup/recovery 20621, hold 2641): expected on the asynchronous AS_n/IORDY capture edges and AS-driven preset/clear releases
done, errors=0
tb_system.v:301: $finish called at 1748898000 (1ps)
