seed 44
              539330 TIMING SETUP/RECOVERY tb.u4.DFFEARS_37 (D 528.43 / AR,AS release 2.32 ns before CLK)
              539330 TIMING SETUP/RECOVERY tb.u4.DFFEARS_50 (D 528.88 / AR,AS release 2.79 ns before CLK)
              539330 TIMING SETUP/RECOVERY tb.u4.DFFEARS_63 (D 528.95 / AR,AS release 2.26 ns before CLK)
              539330 TIMING SETUP/RECOVERY tb.u4.DFFEARS_83 (D 526.92 / AR,AS release 2.48 ns before CLK)
              539330 TIMING SETUP/RECOVERY tb.u4.DFFEARS_105 (D 527.86 / AR,AS release 1.88 ns before CLK)
              539330 TIMING SETUP/RECOVERY tb.u4.DFFEARS_1002 (D 528.38 / AR,AS release 2.32 ns before CLK)
              539330 TIMING SETUP/RECOVERY tb.u4.DFFEARS_1042 (D 527.93 / AR,AS release 2.49 ns before CLK)
           112061500 TIMING SETUP/RECOVERY tb.dut.DFFEARS_1541 (D 2.29 / AR,AS release 111860.35 ns before CLK)
           112301500 TIMING SETUP/RECOVERY tb.dut.DFFEARS_17 (D 5.29 / AR,AS release 2.29 ns before CLK)
           112301500 TIMING SETUP/RECOVERY tb.dut.DFFEARS_57 (D 75.57 / AR,AS release 2.08 ns before CLK)
           112301500 TIMING SETUP/RECOVERY tb.dut.DFFEARS_97 (D 34.61 / AR,AS release 2.13 ns before CLK)
           112301500 TIMING SETUP/RECOVERY tb.dut.DFFEARS_230 (D 33.55 / AR,AS release 1.62 ns before CLK)
           112301500 TIMING SETUP/RECOVERY tb.dut.DFFEARS_328 (D 27.27 / AR,AS release 1.12 ns before CLK)
           112301500 TIMING SETUP/RECOVERY tb.dut.DFFEARS_354 (D 34.99 / AR,AS release 1.74 ns before CLK)
           112301500 TIMING SETUP/RECOVERY tb.dut.DFFEARS_705 (D 112301.50 / AR,AS release 0.89 ns before CLK)
           112301500 TIMING SETUP/RECOVERY tb.dut.DFFEARS_731 (D 35.87 / AR,AS release 2.15 ns before CLK)
           112301500 TIMING SETUP/RECOVERY tb.dut.DFFEARS_753 (D 112301.50 / AR,AS release 1.11 ns before CLK)
           112301500 TIMING SETUP/RECOVERY tb.dut.DFFEARS_781 (D 112301.50 / AR,AS release 0.99 ns before CLK)
           112301500 TIMING SETUP/RECOVERY tb.dut.DFFEARS_805 (D 112301.50 / AR,AS release 2.02 ns before CLK)
           112301500 TIMING SETUP/RECOVERY tb.dut.DFFEARS_858 (D 112301.50 / AR,AS release 1.45 ns before CLK)
           112301500 TIMING SETUP/RECOVERY tb.dut.DFFEARS_912 (D 33.36 / AR,AS release 0.80 ns before CLK)
           112301500 TIMING SETUP/RECOVERY tb.dut.DFFEARS_1042 (D 112301.50 / AR,AS release 0.63 ns before CLK)
           112301500 TIMING SETUP/RECOVERY tb.dut.DFFEARS_1097 (D 112301.50 / AR,AS release 1.74 ns before CLK)
           112301500 TIMING SETUP/RECOVERY tb.dut.DFFEARS_1132 (D 112301.50 / AR,AS release 1.32 ns before CLK)
           112301500 TIMING SETUP/RECOVERY tb.dut.DFFEARS_1189 (D 112301.50 / AR,AS release 0.77 ns before CLK)
           112301500 TIMING SETUP/RECOVERY tb.dut.DFFEARS_1924 (D 112301.50 / AR,AS release 1.36 ns before CLK)
           112451130 TIMING SETUP/RECOVERY tb.u4.DFFEARS_37 (D 3756.81 / AR,AS release 0.50 ns before CLK)
           112451130 TIMING SETUP/RECOVERY tb.u4.DFFEARS_50 (D 3956.15 / AR,AS release 0.97 ns before CLK)
           112451130 TIMING SETUP/RECOVERY tb.u4.DFFEARS_63 (D 3756.42 / AR,AS release 0.44 ns before CLK)
           112451130 TIMING SETUP/RECOVERY tb.u4.DFFEARS_83 (D 3956.73 / AR,AS release 0.66 ns before CLK)
           112451130 TIMING SETUP/RECOVERY tb.u4.DFFEARS_105 (D 3756.38 / AR,AS release 0.06 ns before CLK)
           112451130 TIMING SETUP/RECOVERY tb.u4.DFFEARS_247 (D 112449.41 / AR,AS release 2.00 ns before CLK)
           112451130 TIMING SETUP/RECOVERY tb.u4.DFFEARS_1002 (D 3756.81 / AR,AS release 0.50 ns before CLK)
           112451130 TIMING SETUP/RECOVERY tb.u4.DFFEARS_1042 (D 3757.04 / AR,AS release 0.67 ns before CLK)
           112451130 TIMING SETUP/RECOVERY tb.u4.DFFEARS_1061 (D 3756.90 / AR,AS release 1.38 ns before CLK)
           112451130 TIMING SETUP/RECOVERY tb.u4.DFFEARS_1091 (D 112448.48 / AR,AS release 2.57 ns before CLK)
           112621500 TIMING SETUP/RECOVERY tb.dut.DFFEARS_1541 (D 0.30 / AR,AS release 112420.35 ns before CLK)
           112621601 TIMING HOLD tb.dut.DFFEARS_17 (D changed 0.10 ns after CLK)
           112661500 TIMING SETUP/RECOVERY tb.dut.DFFEARS_17 (D 5.01 / AR,AS release 2.01 ns before CLK)
           112661500 TIMING SETUP/RECOVERY tb.dut.DFFEARS_57 (D 31.24 / AR,AS release 1.80 ns before CLK)
           112661500 TIMING SETUP/RECOVERY tb.dut.DFFEARS_97 (D 35.42 / AR,AS release 1.85 ns before CLK)
           112661500 TIMING SETUP/RECOVERY tb.dut.DFFEARS_230 (D 24.76 / AR,AS release 1.34 ns before CLK)
           112661500 TIMING SETUP/RECOVERY tb.dut.DFFEARS_328 (D 232.95 / AR,AS release 0.84 ns before CLK)
           112661500 TIMING SETUP/RECOVERY tb.dut.DFFEARS_354 (D 31.54 / AR,AS release 1.46 ns before CLK)
           112661500 TIMING SETUP/RECOVERY tb.dut.DFFEARS_705 (D 112661.50 / AR,AS release 0.61 ns before CLK)
           112661500 TIMING SETUP/RECOVERY tb.dut.DFFEARS_731 (D 32.22 / AR,AS release 1.87 ns before CLK)
           112661500 TIMING SETUP/RECOVERY tb.dut.DFFEARS_753 (D 112661.50 / AR,AS release 0.83 ns before CLK)
           112661500 TIMING SETUP/RECOVERY tb.dut.DFFEARS_781 (D 112661.50 / AR,AS release 0.71 ns before CLK)
           112661500 TIMING SETUP/RECOVERY tb.dut.DFFEARS_805 (D 112661.50 / AR,AS release 1.74 ns before CLK)
           112661500 TIMING SETUP/RECOVERY tb.dut.DFFEARS_858 (D 112661.50 / AR,AS release 1.17 ns before CLK)
           112661500 TIMING SETUP/RECOVERY tb.dut.DFFEARS_912 (D 393.36 / AR,AS release 0.52 ns before CLK)
           112661500 TIMING SETUP/RECOVERY tb.dut.DFFEARS_1042 (D 112661.50 / AR,AS release 0.35 ns before CLK)
           112661500 TIMING SETUP/RECOVERY tb.dut.DFFEARS_1097 (D 112661.50 / AR,AS release 1.46 ns before CLK)
           112661500 TIMING SETUP/RECOVERY tb.dut.DFFEARS_1132 (D 112661.50 / AR,AS release 1.04 ns before CLK)
           112661500 TIMING SETUP/RECOVERY tb.dut.DFFEARS_1189 (D 112661.50 / AR,AS release 0.49 ns before CLK)
           112661500 TIMING SETUP/RECOVERY tb.dut.DFFEARS_1924 (D 112661.50 / AR,AS release 1.08 ns before CLK)
           113341500 TIMING SETUP/RECOVERY tb.dut.DFFEARS_17 (D 0.37 / AR,AS release 682.01 ns before CLK)
           113341500 TIMING SETUP/RECOVERY tb.dut.DFFEARS_1541 (D 0.77 / AR,AS release 113140.35 ns before CLK)
           113372050 TIMING SETUP/RECOVERY tb.u4.DFFEARS_93 (D 113364.39 / AR,AS release 0.81 ns before CLK)
           113372050 TIMING SETUP/RECOVERY tb.u4.DFFEARS_941 (D 15.56 / AR,AS release 2.06 ns before CLK)
           114052730 TIMING SETUP/RECOVERY tb.u4.DFFEARS_37 (D 1053.19 / AR,AS release 2.10 ns before CLK)
           114052730 TIMING SETUP/RECOVERY tb.u4.DFFEARS_50 (D 1052.33 / AR,AS release 2.57 ns before CLK)
           114052730 TIMING SETUP/RECOVERY tb.u4.DFFEARS_63 (D 5358.02 / AR,AS release 2.04 ns before CLK)
           114052730 TIMING SETUP/RECOVERY tb.u4.DFFEARS_83 (D 1052.91 / AR,AS release 2.26 ns before CLK)
           114052730 TIMING SETUP/RECOVERY tb.u4.DFFEARS_105 (D 5357.98 / AR,AS release 1.66 ns before CLK)
           114052730 TIMING SETUP/RECOVERY tb.u4.DFFEARS_1002 (D 1053.19 / AR,AS release 2.10 ns before CLK)
           114052730 TIMING SETUP/RECOVERY tb.u4.DFFEARS_1042 (D 1053.42 / AR,AS release 2.27 ns before CLK)
           114052730 TIMING SETUP/RECOVERY tb.u4.DFFEARS_1061 (D 1053.29 / AR,AS release 2.98 ns before CLK)
           114701601 TIMING HOLD tb.dut.DFFEARS_17 (D changed 0.10 ns after CLK)
           114733410 TIMING SETUP/RECOVERY tb.u4.DFFEARS_93 (D 114725.75 / AR,AS release 1.70 ns before CLK)
           114733410 TIMING SETUP/RECOVERY tb.u4.DFFEARS_125 (D 114726.12 / AR,AS release 0.61 ns before CLK)
           114733410 TIMING SETUP/RECOVERY tb.u4.DFFEARS_941 (D 15.56 / AR,AS release 2.95 ns before CLK)
           114733410 TIMING SETUP/RECOVERY tb.u4.DFFEARS_1077 (D 114726.66 / AR,AS release 0.68 ns before CLK)
           114861601 TIMING HOLD tb.dut.DFFEARS_17 (D changed 0.10 ns after CLK)
           114893570 TIMING SETUP/RECOVERY tb.u4.DFFEARS_93 (D 114885.91 / AR,AS release 1.86 ns before CLK)
           114893570 TIMING SETUP/RECOVERY tb.u4.DFFEARS_125 (D 114886.28 / AR,AS release 0.77 ns before CLK)
           114893570 TIMING SETUP/RECOVERY tb.u4.DFFEARS_1077 (D 114886.82 / AR,AS release 0.84 ns before CLK)
           114893570 TIMING SETUP/RECOVERY tb.u4.DFFEARS_1091 (D 114890.92 / AR,AS release 0.01 ns before CLK)
           115093770 TIMING SETUP/RECOVERY tb.u4.DFFEARS_125 (D 115086.48 / AR,AS release 0.97 ns before CLK)
           115093770 TIMING SETUP/RECOVERY tb.u4.DFFEARS_1077 (D 115087.02 / AR,AS release 1.04 ns before CLK)
           115093770 TIMING SETUP/RECOVERY tb.u4.DFFEARS_1091 (D 115091.12 / AR,AS release 0.21 ns before CLK)
           115374050 TIMING SETUP/RECOVERY tb.u4.DFFEARS_247 (D 115372.33 / AR,AS release 1.67 ns before CLK)
           115374050 TIMING SETUP/RECOVERY tb.u4.DFFEARS_1061 (D 2374.61 / AR,AS release 1.05 ns before CLK)
           115574250 TIMING SETUP/RECOVERY tb.u4.DFFEARS_941 (D 15.56 / AR,AS release 0.70 ns before CLK)
           115581500 TIMING SETUP/RECOVERY tb.dut.DFFEARS_328 (D 703.62 / AR,AS release 2.64 ns before CLK)
           115581500 TIMING SETUP/RECOVERY tb.dut.DFFEARS_705 (D 115581.50 / AR,AS release 2.41 ns before CLK)
           115581500 TIMING SETUP/RECOVERY tb.dut.DFFEARS_753 (D 871.87 / AR,AS release 2.63 ns before CLK)
           115581500 TIMING SETUP/RECOVERY tb.dut.DFFEARS_781 (D 1557.01 / AR,AS release 2.51 ns before CLK)
           115581500 TIMING SETUP/RECOVERY tb.dut.DFFEARS_858 (D 867.15 / AR,AS release 2.97 ns before CLK)
           115581500 TIMING SETUP/RECOVERY tb.dut.DFFEARS_912 (D 3313.36 / AR,AS release 2.32 ns before CLK)
           115581500 TIMING SETUP/RECOVERY tb.dut.DFFEARS_1042 (D 115581.50 / AR,AS release 2.15 ns before CLK)
           115581500 TIMING SETUP/RECOVERY tb.dut.DFFEARS_1132 (D 871.16 / AR,AS release 2.84 ns before CLK)
           115581500 TIMING SETUP/RECOVERY tb.dut.DFFEARS_1189 (D 115581.50 / AR,AS release 2.29 ns before CLK)
           115581500 TIMING SETUP/RECOVERY tb.dut.DFFEARS_1924 (D 350.60 / AR,AS release 2.88 ns before CLK)
           115974650 TIMING SETUP/RECOVERY tb.u4.DFFEARS_247 (D 25.70 / AR,AS release 0.52 ns before CLK)
           118377998 TIMING HOLD tb.u4.DFFEARS_867 (D changed 0.95 ns after CLK)
           122060730 TIMING SETUP/RECOVERY tb.u4.DFFEARS_867 (D 1.37 / AR,AS release 1000122060.73 ns before CLK)
           122942268 TIMING HOLD tb.u4.DFFEARS_867 (D changed 0.66 ns after CLK)
           123622290 TIMING SETUP/RECOVERY tb.u4.DFFEARS_867 (D 1.14 / AR,AS release 1000123622.29 ns before CLK)
           124222890 TIMING SETUP/RECOVERY tb.u4.DFFEARS_867 (D 2.50 / AR,AS release 1000124222.89 ns before CLK)
           124905458 TIMING HOLD tb.u4.DFFEARS_867 (D changed 1.89 ns after CLK)
           125141500 TIMING SETUP/RECOVERY tb.dut.DFFEARS_57 (D 46.51 / AR,AS release 0.77 ns before CLK)
           125141500 TIMING SETUP/RECOVERY tb.dut.DFFEARS_97 (D 47.67 / AR,AS release 0.82 ns before CLK)
           125141500 TIMING SETUP/RECOVERY tb.dut.DFFEARS_230 (D 223.56 / AR,AS release 0.31 ns before CLK)
           125141500 TIMING SETUP/RECOVERY tb.dut.DFFEARS_354 (D 235.63 / AR,AS release 0.43 ns before CLK)
           125141500 TIMING SETUP/RECOVERY tb.dut.DFFEARS_731 (D 47.49 / AR,AS release 0.84 ns before CLK)
           125141500 TIMING SETUP/RECOVERY tb.dut.DFFEARS_805 (D 227.09 / AR,AS release 0.71 ns before CLK)
           125141500 TIMING SETUP/RECOVERY tb.dut.DFFEARS_1097 (D 235.08 / AR,AS release 0.43 ns before CLK)
cycles 4426; harmless wrong-cycle runts on ROM_CE/DUART_CS/DRAM_SEL (no strobe): 0
MC68882: #8 violations 0; #8B CS->DS(write) min 21.88 ns (>= 20); #9 AS->CS negated min 5.12 ns (>= 5)
DSACK: glue releases all termination pins <= 16.60 ns after AS rises; contention events 0, longest 0.00 ns
U4: DSACK driven high <= 12.30 ns and released <= 12.66 ns after AS rises; still driving after the next AS fell: 0 times (longest 0.00 ns)
U4 -> next DSACK/BERR/AVEC driver (68882, glue, expansion) hand-over gap: min 25.14 ns
SIMM model: 1100 reads, 977 writes (lane strobes), CBR side0 120 side1 119, timing errors 0
  min tRAS 80.1 tRP 60.1 tRCD 39.0 tRAH 23.4 tASC 14.3 tCAH n/a(col held to CAS high) tCP 99.3 tCAS 60.0 tCSR 19.7 tCHR 79.9 tWCS 19.6 tWCH 59.1
  init: first RAS 105.2 us after reset release; CBR cycles before first access: side0 9 side1 9
  max refresh gap per side (after init): side0 15195.2 ns side1 15155.1 ns (limit 15625)
DRAM: 275 long-word reads (812 bytes compared), 0 mismatching bytes; SIMM data release -> CPU write data on: min 15.55 ns
U4 DSACK0/DSACK1 assertion skew: max 0.69 ns over 604 cycles (EC #31A max 7.0)
DRAM wait states: 2:518 3:74 4:2 5:1 6+:9
IDE PIO-0: t0 min 679.82 (>=600), t1 min 118.36 (>=70), t2 min 360.00 (>=290), t4 min 99.32 (>=30), t9 min 42.77 (>=20) ns
DFF timing-check hits (setup/recovery 20581, hold 2752): expected on the asynchronous AS_n/IORDY capture edges and AS-driven preset/clear releases
done, errors=0
tb_system.v:301: $finish called at 1773298000 (1ps)
