              702500 TIMING HOLD tb.dut.DFFEARS_1541 (D changed 1.00 ns after CLK)
              702500 TIMING HOLD tb.dut.DFFEARS_17 (D changed 1.00 ns after CLK)
           112050730 TIMING SETUP/RECOVERY tb.u4.DFFEARS_93 (D 112041.23 / AR,AS release 0.73 ns before CLK)
           112050730 TIMING SETUP/RECOVERY tb.u4.DFFEARS_125 (D 112041.23 / AR,AS release 0.73 ns before CLK)
           112050730 TIMING SETUP/RECOVERY tb.u4.DFFEARS_247 (D 112047.73 / AR,AS release 0.73 ns before CLK)
           112050730 TIMING SETUP/RECOVERY tb.u4.DFFEARS_1077 (D 112041.23 / AR,AS release 0.73 ns before CLK)
           112050730 TIMING SETUP/RECOVERY tb.u4.DFFEARS_1091 (D 112047.73 / AR,AS release 0.73 ns before CLK)
           112702500 TIMING HOLD tb.dut.DFFEARS_1541 (D changed 1.00 ns after CLK)
           112702500 TIMING HOLD tb.dut.DFFEARS_17 (D changed 1.00 ns after CLK)
           112711390 TIMING SETUP/RECOVERY tb.u4.DFFEARS_867 (D 2.39 / AR,AS release 1000112711.39 ns before CLK)
           112741500 TIMING SETUP/RECOVERY tb.dut.DFFEARS_1541 (D 1.54 / AR,AS release 112540.00 ns before CLK)
           113421920 TIMING HOLD tb.dut.DFFEARS_1541 (D changed 0.42 ns after CLK)
           113421920 TIMING HOLD tb.dut.DFFEARS_17 (D changed 0.42 ns after CLK)
           113452130 TIMING SETUP/RECOVERY tb.u4.DFFEARS_941 (D 14.52 / AR,AS release 0.21 ns before CLK)
           113701500 TIMING SETUP/RECOVERY tb.dut.DFFEARS_1541 (D 2.21 / AR,AS release 113500.00 ns before CLK)
           115414090 TIMING SETUP/RECOVERY tb.u4.DFFEARS_941 (D 14.52 / AR,AS release 1.95 ns before CLK)
           116101500 TIMING SETUP/RECOVERY tb.dut.DFFEARS_1541 (D 0.68 / AR,AS release 115900.00 ns before CLK)
           116815490 TIMING SETUP/RECOVERY tb.u4.DFFEARS_93 (D 116805.99 / AR,AS release 1.03 ns before CLK)
           116815490 TIMING SETUP/RECOVERY tb.u4.DFFEARS_125 (D 116805.99 / AR,AS release 1.03 ns before CLK)
           116815490 TIMING SETUP/RECOVERY tb.u4.DFFEARS_247 (D 116812.49 / AR,AS release 1.03 ns before CLK)
           116815490 TIMING SETUP/RECOVERY tb.u4.DFFEARS_1077 (D 116805.99 / AR,AS release 1.03 ns before CLK)
           116815490 TIMING SETUP/RECOVERY tb.u4.DFFEARS_1091 (D 116812.49 / AR,AS release 1.03 ns before CLK)
           117496170 TIMING SETUP/RECOVERY tb.u4.DFFEARS_93 (D 117486.67 / AR,AS release 1.22 ns before CLK)
           117496170 TIMING SETUP/RECOVERY tb.u4.DFFEARS_125 (D 117486.67 / AR,AS release 1.22 ns before CLK)
           117496170 TIMING SETUP/RECOVERY tb.u4.DFFEARS_247 (D 117493.17 / AR,AS release 1.22 ns before CLK)
           117496170 TIMING SETUP/RECOVERY tb.u4.DFFEARS_1077 (D 117486.67 / AR,AS release 1.22 ns before CLK)
           117496170 TIMING SETUP/RECOVERY tb.u4.DFFEARS_1091 (D 117493.17 / AR,AS release 1.22 ns before CLK)
           120101500 TIMING SETUP/RECOVERY tb.dut.DFFEARS_17 (D 0.20 / AR,AS release 153.54 ns before CLK)
           120138810 TIMING SETUP/RECOVERY tb.u4.DFFEARS_37 (D 7136.14 / AR,AS release 2.01 ns before CLK)
           120138810 TIMING SETUP/RECOVERY tb.u4.DFFEARS_50 (D 7136.14 / AR,AS release 2.01 ns before CLK)
           120138810 TIMING SETUP/RECOVERY tb.u4.DFFEARS_63 (D 11440.44 / AR,AS release 2.01 ns before CLK)
           120138810 TIMING SETUP/RECOVERY tb.u4.DFFEARS_83 (D 7136.14 / AR,AS release 2.01 ns before CLK)
           120138810 TIMING SETUP/RECOVERY tb.u4.DFFEARS_105 (D 11440.44 / AR,AS release 2.01 ns before CLK)
           120138810 TIMING SETUP/RECOVERY tb.u4.DFFEARS_1002 (D 7136.14 / AR,AS release 2.01 ns before CLK)
           120138810 TIMING SETUP/RECOVERY tb.u4.DFFEARS_1042 (D 7136.14 / AR,AS release 2.01 ns before CLK)
           120138810 TIMING SETUP/RECOVERY tb.u4.DFFEARS_1061 (D 7136.14 / AR,AS release 2.01 ns before CLK)
           120780180 TIMING HOLD tb.u4.DFFEARS_867 (D changed 0.73 ns after CLK)
           121740410 TIMING SETUP/RECOVERY tb.u4.DFFEARS_37 (D 1230.24 / AR,AS release 2.41 ns before CLK)
           121740410 TIMING SETUP/RECOVERY tb.u4.DFFEARS_50 (D 8737.74 / AR,AS release 2.41 ns before CLK)
           121740410 TIMING SETUP/RECOVERY tb.u4.DFFEARS_63 (D 1230.24 / AR,AS release 2.41 ns before CLK)
           121740410 TIMING SETUP/RECOVERY tb.u4.DFFEARS_83 (D 8737.74 / AR,AS release 2.41 ns before CLK)
           121740410 TIMING SETUP/RECOVERY tb.u4.DFFEARS_105 (D 1230.24 / AR,AS release 2.41 ns before CLK)
           121740410 TIMING SETUP/RECOVERY tb.u4.DFFEARS_1002 (D 1230.24 / AR,AS release 2.41 ns before CLK)
           121740410 TIMING SETUP/RECOVERY tb.u4.DFFEARS_1042 (D 1230.24 / AR,AS release 2.41 ns before CLK)
           121740410 TIMING SETUP/RECOVERY tb.u4.DFFEARS_1061 (D 1230.24 / AR,AS release 2.41 ns before CLK)
           121860530 TIMING SETUP/RECOVERY tb.u4.DFFEARS_37 (D 1350.36 / AR,AS release 2.52 ns before CLK)
           121860530 TIMING SETUP/RECOVERY tb.u4.DFFEARS_50 (D 8857.86 / AR,AS release 2.52 ns before CLK)
           121860530 TIMING SETUP/RECOVERY tb.u4.DFFEARS_63 (D 1350.36 / AR,AS release 2.52 ns before CLK)
           121860530 TIMING SETUP/RECOVERY tb.u4.DFFEARS_83 (D 8857.86 / AR,AS release 2.52 ns before CLK)
           121860530 TIMING SETUP/RECOVERY tb.u4.DFFEARS_105 (D 1350.36 / AR,AS release 2.52 ns before CLK)
           121860530 TIMING SETUP/RECOVERY tb.u4.DFFEARS_1002 (D 1350.36 / AR,AS release 2.52 ns before CLK)
           121860530 TIMING SETUP/RECOVERY tb.u4.DFFEARS_1042 (D 1350.36 / AR,AS release 2.52 ns before CLK)
           121860530 TIMING SETUP/RECOVERY tb.u4.DFFEARS_1061 (D 1350.36 / AR,AS release 2.52 ns before CLK)
           122501170 TIMING SETUP/RECOVERY tb.u4.DFFEARS_867 (D 2.32 / AR,AS release 1000122501.17 ns before CLK)
           124022690 TIMING SETUP/RECOVERY tb.u4.DFFEARS_867 (D 2.33 / AR,AS release 1000124022.69 ns before CLK)
           124261500 TIMING SETUP/RECOVERY tb.dut.DFFEARS_17 (D 5.76 / AR,AS release 0.26 ns before CLK)
           124261500 TIMING SETUP/RECOVERY tb.dut.DFFEARS_57 (D 27.00 / AR,AS release 0.26 ns before CLK)
           124261500 TIMING SETUP/RECOVERY tb.dut.DFFEARS_97 (D 74.50 / AR,AS release 0.26 ns before CLK)
           124261500 TIMING SETUP/RECOVERY tb.dut.DFFEARS_230 (D 224.64 / AR,AS release 0.26 ns before CLK)
           124261500 TIMING SETUP/RECOVERY tb.dut.DFFEARS_328 (D 456.00 / AR,AS release 0.26 ns before CLK)
           124261500 TIMING SETUP/RECOVERY tb.dut.DFFEARS_354 (D 27.00 / AR,AS release 0.26 ns before CLK)
           124261500 TIMING SETUP/RECOVERY tb.dut.DFFEARS_705 (D 9591.56 / AR,AS release 0.26 ns before CLK)
           124261500 TIMING SETUP/RECOVERY tb.dut.DFFEARS_731 (D 27.00 / AR,AS release 0.26 ns before CLK)
           124261500 TIMING SETUP/RECOVERY tb.dut.DFFEARS_753 (D 467.00 / AR,AS release 0.26 ns before CLK)
           124261500 TIMING SETUP/RECOVERY tb.dut.DFFEARS_781 (D 6949.00 / AR,AS release 0.26 ns before CLK)
           124261500 TIMING SETUP/RECOVERY tb.dut.DFFEARS_805 (D 461.50 / AR,AS release 0.26 ns before CLK)
           124261500 TIMING SETUP/RECOVERY tb.dut.DFFEARS_858 (D 461.50 / AR,AS release 0.26 ns before CLK)
           124261500 TIMING SETUP/RECOVERY tb.dut.DFFEARS_912 (D 235.64 / AR,AS release 0.26 ns before CLK)
           124261500 TIMING SETUP/RECOVERY tb.dut.DFFEARS_1042 (D 124261.50 / AR,AS release 0.26 ns before CLK)
           124261500 TIMING SETUP/RECOVERY tb.dut.DFFEARS_1097 (D 514.50 / AR,AS release 0.26 ns before CLK)
           124261500 TIMING SETUP/RECOVERY tb.dut.DFFEARS_1132 (D 467.00 / AR,AS release 0.26 ns before CLK)
           124261500 TIMING SETUP/RECOVERY tb.dut.DFFEARS_1189 (D 124261.50 / AR,AS release 0.26 ns before CLK)
           124261500 TIMING SETUP/RECOVERY tb.dut.DFFEARS_1924 (D 124261.50 / AR,AS release 0.26 ns before CLK)
           126861500 TIMING SETUP/RECOVERY tb.dut.DFFEARS_17 (D 8.15 / AR,AS release 2.65 ns before CLK)
           126861500 TIMING SETUP/RECOVERY tb.dut.DFFEARS_57 (D 74.50 / AR,AS release 2.65 ns before CLK)
           126861500 TIMING SETUP/RECOVERY tb.dut.DFFEARS_97 (D 74.50 / AR,AS release 2.65 ns before CLK)
           126861500 TIMING SETUP/RECOVERY tb.dut.DFFEARS_230 (D 23.50 / AR,AS release 2.65 ns before CLK)
           126861500 TIMING SETUP/RECOVERY tb.dut.DFFEARS_328 (D 3056.00 / AR,AS release 2.65 ns before CLK)
           126861500 TIMING SETUP/RECOVERY tb.dut.DFFEARS_354 (D 34.50 / AR,AS release 2.65 ns before CLK)
           126861500 TIMING SETUP/RECOVERY tb.dut.DFFEARS_705 (D 240.10 / AR,AS release 2.65 ns before CLK)
           126861500 TIMING SETUP/RECOVERY tb.dut.DFFEARS_731 (D 34.50 / AR,AS release 2.65 ns before CLK)
           126861500 TIMING SETUP/RECOVERY tb.dut.DFFEARS_753 (D 1107.00 / AR,AS release 2.65 ns before CLK)
           126861500 TIMING SETUP/RECOVERY tb.dut.DFFEARS_781 (D 9549.00 / AR,AS release 2.65 ns before CLK)
           126861500 TIMING SETUP/RECOVERY tb.dut.DFFEARS_805 (D 1101.50 / AR,AS release 2.65 ns before CLK)
           126861500 TIMING SETUP/RECOVERY tb.dut.DFFEARS_858 (D 1101.50 / AR,AS release 2.65 ns before CLK)
           126861500 TIMING SETUP/RECOVERY tb.dut.DFFEARS_912 (D 32.06 / AR,AS release 2.65 ns before CLK)
           126861500 TIMING SETUP/RECOVERY tb.dut.DFFEARS_1042 (D 126861.50 / AR,AS release 2.65 ns before CLK)
           126861500 TIMING SETUP/RECOVERY tb.dut.DFFEARS_1097 (D 1154.50 / AR,AS release 2.65 ns before CLK)
           126861500 TIMING SETUP/RECOVERY tb.dut.DFFEARS_1132 (D 1107.00 / AR,AS release 2.65 ns before CLK)
           126861500 TIMING SETUP/RECOVERY tb.dut.DFFEARS_1189 (D 126861.50 / AR,AS release 2.65 ns before CLK)
           126861500 TIMING SETUP/RECOVERY tb.dut.DFFEARS_1924 (D 126861.50 / AR,AS release 2.65 ns before CLK)
           128429000 TIMING HOLD tb.u4.DFFEARS_867 (D changed 1.91 ns after CLK)
           128461500 TIMING SETUP/RECOVERY tb.dut.DFFEARS_57 (D 27.00 / AR,AS release 0.91 ns before CLK)
           128461500 TIMING SETUP/RECOVERY tb.dut.DFFEARS_97 (D 74.50 / AR,AS release 0.91 ns before CLK)
           128461500 TIMING SETUP/RECOVERY tb.dut.DFFEARS_230 (D 1623.50 / AR,AS release 0.91 ns before CLK)
           128461500 TIMING SETUP/RECOVERY tb.dut.DFFEARS_328 (D 908.51 / AR,AS release 0.91 ns before CLK)
           128461500 TIMING SETUP/RECOVERY tb.dut.DFFEARS_354 (D 74.50 / AR,AS release 0.91 ns before CLK)
           128461500 TIMING SETUP/RECOVERY tb.dut.DFFEARS_705 (D 1840.10 / AR,AS release 0.91 ns before CLK)
           128461500 TIMING SETUP/RECOVERY tb.dut.DFFEARS_731 (D 27.00 / AR,AS release 0.91 ns before CLK)
           128461500 TIMING SETUP/RECOVERY tb.dut.DFFEARS_753 (D 27.00 / AR,AS release 0.91 ns before CLK)
           128461500 TIMING SETUP/RECOVERY tb.dut.DFFEARS_781 (D 11149.00 / AR,AS release 0.91 ns before CLK)
           128461500 TIMING SETUP/RECOVERY tb.dut.DFFEARS_805 (D 21.50 / AR,AS release 0.91 ns before CLK)
           128461500 TIMING SETUP/RECOVERY tb.dut.DFFEARS_858 (D 21.50 / AR,AS release 0.91 ns before CLK)
           128461500 TIMING SETUP/RECOVERY tb.dut.DFFEARS_912 (D 1632.06 / AR,AS release 0.91 ns before CLK)
           128461500 TIMING SETUP/RECOVERY tb.dut.DFFEARS_1042 (D 128461.50 / AR,AS release 0.91 ns before CLK)
           128461500 TIMING SETUP/RECOVERY tb.dut.DFFEARS_1097 (D 74.50 / AR,AS release 0.91 ns before CLK)
           128461500 TIMING SETUP/RECOVERY tb.dut.DFFEARS_1132 (D 27.00 / AR,AS release 0.91 ns before CLK)
           128461500 TIMING SETUP/RECOVERY tb.dut.DFFEARS_1189 (D 128461.50 / AR,AS release 0.91 ns before CLK)
           128461500 TIMING SETUP/RECOVERY tb.dut.DFFEARS_1924 (D 709.00 / AR,AS release 0.91 ns before CLK)
           129368030 TIMING SETUP/RECOVERY tb.u4.DFFEARS_941 (D 14.52 / AR,AS release 0.53 ns before CLK)
           129549000 TIMING HOLD tb.u4.DFFEARS_867 (D changed 0.79 ns after CLK)
cycles 4419; harmless wrong-cycle runts on ROM_CE/DUART_CS/DRAM_SEL (no strobe): 0
MC68882: #8 violations 0; #8B CS->DS(write) min 19.51 ns (>= 20); #9 AS->CS negated min 7.50 ns (>= 5)
DSACK: glue releases all termination pins <= 20.50 ns after AS rises; contention events 0, longest 0.00 ns
U4: DSACK driven high <= 7.50 ns and released <= 17.50 ns after AS rises; still driving after the next AS fell: 0 times (longest 0.00 ns)
U4 -> next DSACK/BERR/AVEC driver (68882, glue, expansion) hand-over gap: min 21.04 ns
SIMM model: 1104 reads, 935 writes (lane strobes), CBR side0 122 side1 121, timing errors 0
  min tRAS 80.1 tRP 60.1 tRCD 40.0 tRAH 25.5 tASC 14.5 tCAH n/a(col held to CAS high) tCP 100.1 tCAS 65.6 tCSR 20.0 tCHR 80.1 tWCS 20.0 tWCH 62.8
  init: first RAS 105.2 us after reset release; CBR cycles before first access: side0 10 side1 9
  max refresh gap per side (after init): side0 15215.2 ns side1 15135.1 ns (limit 15625)
DRAM: 276 long-word reads (816 bytes compared), 0 mismatching bytes; SIMM data release -> CPU write data on: min 11.82 ns
U4 DSACK0/DSACK1 assertion skew: max 0.00 ns over 596 cycles (EC #31A max 7.0)
DRAM wait states: 2:421 3:160 4:5 5:3 6+:7
IDE PIO-0: t0 min 680.00 (>=600), t1 min 120.00 (>=70), t2 min 360.00 (>=290), t4 min 97.01 (>=30), t9 min 45.51 (>=20) ns
DFF timing-check hits (setup/recovery 18899, hold 5319): expected on the asynchronous AS_n/IORDY capture edges and AS-driven preset/clear releases
done, errors=0
tb_system.v:301: $finish called at 1809378000 (1ps)
