seed 11
              541500 TIMING SETUP/RECOVERY tb.dut.DFFEARS_1151 (D 2.25 / AR,AS release 340.66 ns before CLK)
              541500 TIMING SETUP/RECOVERY tb.dut.DFFEARS_1541 (D 0.69 / AR,AS release 340.29 ns before CLK)
              741500 TIMING SETUP/RECOVERY tb.dut.DFFEARS_1541 (D 2.86 / AR,AS release 540.29 ns before CLK)
           112050730 TIMING SETUP/RECOVERY tb.u4.DFFEARS_93 (D 112043.07 / AR,AS release 1.49 ns before CLK)
           112050730 TIMING SETUP/RECOVERY tb.u4.DFFEARS_125 (D 112042.93 / AR,AS release 2.52 ns before CLK)
           112050730 TIMING SETUP/RECOVERY tb.u4.DFFEARS_247 (D 112049.11 / AR,AS release 2.83 ns before CLK)
           112050730 TIMING SETUP/RECOVERY tb.u4.DFFEARS_1077 (D 112043.13 / AR,AS release 2.96 ns before CLK)
           112050730 TIMING SETUP/RECOVERY tb.u4.DFFEARS_1091 (D 112048.63 / AR,AS release 2.92 ns before CLK)
           112701500 TIMING SETUP/RECOVERY tb.dut.DFFEARS_17 (D 0.05 / AR,AS release 651.80 ns before CLK)
           112702237 TIMING HOLD tb.dut.DFFEARS_1541 (D changed 0.74 ns after CLK)
           112741500 TIMING SETUP/RECOVERY tb.dut.DFFEARS_1541 (D 0.31 / AR,AS release 112540.29 ns before CLK)
           112933553 TIMING HOLD tb.u4.DFFEARS_867 (D changed 1.94 ns after CLK)
           112971650 TIMING SETUP/RECOVERY tb.u4.DFFEARS_93 (D 112963.99 / AR,AS release 2.40 ns before CLK)
           113621500 TIMING SETUP/RECOVERY tb.dut.DFFEARS_17 (D 0.05 / AR,AS release 651.80 ns before CLK)
           113622237 TIMING HOLD tb.dut.DFFEARS_1541 (D changed 0.74 ns after CLK)
           113652330 TIMING SETUP/RECOVERY tb.u4.DFFEARS_941 (D 16.43 / AR,AS release 0.36 ns before CLK)
           114333010 TIMING SETUP/RECOVERY tb.u4.DFFEARS_50 (D 1332.27 / AR,AS release 0.04 ns before CLK)
           114333010 TIMING SETUP/RECOVERY tb.u4.DFFEARS_93 (D 114325.35 / AR,AS release 2.22 ns before CLK)
           114333010 TIMING SETUP/RECOVERY tb.u4.DFFEARS_105 (D 5637.55 / AR,AS release 0.71 ns before CLK)
           114333010 TIMING SETUP/RECOVERY tb.u4.DFFEARS_1061 (D 1333.47 / AR,AS release 0.38 ns before CLK)
           114981500 TIMING SETUP/RECOVERY tb.dut.DFFEARS_17 (D 0.05 / AR,AS release 650.26 ns before CLK)
           114982237 TIMING HOLD tb.dut.DFFEARS_1541 (D changed 0.74 ns after CLK)
           115013690 TIMING SETUP/RECOVERY tb.u4.DFFEARS_125 (D 115005.89 / AR,AS release 0.48 ns before CLK)
           115013690 TIMING SETUP/RECOVERY tb.u4.DFFEARS_247 (D 115012.07 / AR,AS release 0.79 ns before CLK)
           115013690 TIMING SETUP/RECOVERY tb.u4.DFFEARS_941 (D 16.43 / AR,AS release 1.72 ns before CLK)
           115013690 TIMING SETUP/RECOVERY tb.u4.DFFEARS_1077 (D 115006.09 / AR,AS release 0.92 ns before CLK)
           115013690 TIMING SETUP/RECOVERY tb.u4.DFFEARS_1091 (D 115011.59 / AR,AS release 0.88 ns before CLK)
           115213890 TIMING SETUP/RECOVERY tb.u4.DFFEARS_125 (D 115206.09 / AR,AS release 0.68 ns before CLK)
           115213890 TIMING SETUP/RECOVERY tb.u4.DFFEARS_247 (D 115212.27 / AR,AS release 0.99 ns before CLK)
           115213890 TIMING SETUP/RECOVERY tb.u4.DFFEARS_941 (D 16.43 / AR,AS release 1.92 ns before CLK)
           115213890 TIMING SETUP/RECOVERY tb.u4.DFFEARS_1077 (D 115206.29 / AR,AS release 1.12 ns before CLK)
           115213890 TIMING SETUP/RECOVERY tb.u4.DFFEARS_1091 (D 115211.79 / AR,AS release 1.08 ns before CLK)
           115341500 TIMING SETUP/RECOVERY tb.dut.DFFEARS_57 (D 31.93 / AR,AS release 0.97 ns before CLK)
           115341500 TIMING SETUP/RECOVERY tb.dut.DFFEARS_97 (D 32.02 / AR,AS release 2.94 ns before CLK)
           115341500 TIMING SETUP/RECOVERY tb.dut.DFFEARS_230 (D 145.16 / AR,AS release 1.70 ns before CLK)
           115341500 TIMING SETUP/RECOVERY tb.dut.DFFEARS_328 (D 115334.60 / AR,AS release 2.17 ns before CLK)
           115341500 TIMING SETUP/RECOVERY tb.dut.DFFEARS_354 (D 36.30 / AR,AS release 1.55 ns before CLK)
           115341500 TIMING SETUP/RECOVERY tb.dut.DFFEARS_705 (D 115341.50 / AR,AS release 1.94 ns before CLK)
           115341500 TIMING SETUP/RECOVERY tb.dut.DFFEARS_731 (D 32.25 / AR,AS release 2.39 ns before CLK)
           115341500 TIMING SETUP/RECOVERY tb.dut.DFFEARS_753 (D 356.04 / AR,AS release 2.73 ns before CLK)
           115341500 TIMING SETUP/RECOVERY tb.dut.DFFEARS_781 (D 1870.77 / AR,AS release 1.63 ns before CLK)
           115341500 TIMING SETUP/RECOVERY tb.dut.DFFEARS_805 (D 350.61 / AR,AS release 1.54 ns before CLK)
           115341500 TIMING SETUP/RECOVERY tb.dut.DFFEARS_858 (D 351.71 / AR,AS release 2.52 ns before CLK)
           115341500 TIMING SETUP/RECOVERY tb.dut.DFFEARS_912 (D 2405.21 / AR,AS release 1.29 ns before CLK)
           115341500 TIMING SETUP/RECOVERY tb.dut.DFFEARS_1042 (D 115341.50 / AR,AS release 2.02 ns before CLK)
           115341500 TIMING SETUP/RECOVERY tb.dut.DFFEARS_1097 (D 356.37 / AR,AS release 2.28 ns before CLK)
           115341500 TIMING SETUP/RECOVERY tb.dut.DFFEARS_1132 (D 356.52 / AR,AS release 2.58 ns before CLK)
           115341500 TIMING SETUP/RECOVERY tb.dut.DFFEARS_1189 (D 115341.50 / AR,AS release 1.68 ns before CLK)
           115341500 TIMING SETUP/RECOVERY tb.dut.DFFEARS_1924 (D 115341.50 / AR,AS release 1.62 ns before CLK)
           115534673 TIMING HOLD tb.u4.DFFEARS_867 (D changed 0.46 ns after CLK)
           115581500 TIMING SETUP/RECOVERY tb.dut.DFFEARS_57 (D 44.60 / AR,AS release 0.07 ns before CLK)
           115581500 TIMING SETUP/RECOVERY tb.dut.DFFEARS_97 (D 75.51 / AR,AS release 2.04 ns before CLK)
           115581500 TIMING SETUP/RECOVERY tb.dut.DFFEARS_230 (D 385.16 / AR,AS release 0.80 ns before CLK)
           115581500 TIMING SETUP/RECOVERY tb.dut.DFFEARS_328 (D 115574.60 / AR,AS release 1.27 ns before CLK)
           115581500 TIMING SETUP/RECOVERY tb.dut.DFFEARS_354 (D 44.63 / AR,AS release 0.65 ns before CLK)
           115581500 TIMING SETUP/RECOVERY tb.dut.DFFEARS_705 (D 115581.50 / AR,AS release 1.04 ns before CLK)
           115581500 TIMING SETUP/RECOVERY tb.dut.DFFEARS_731 (D 44.93 / AR,AS release 1.49 ns before CLK)
           115581500 TIMING SETUP/RECOVERY tb.dut.DFFEARS_753 (D 596.04 / AR,AS release 1.83 ns before CLK)
           115581500 TIMING SETUP/RECOVERY tb.dut.DFFEARS_781 (D 2110.77 / AR,AS release 0.73 ns before CLK)
           115581500 TIMING SETUP/RECOVERY tb.dut.DFFEARS_805 (D 590.61 / AR,AS release 0.64 ns before CLK)
           115581500 TIMING SETUP/RECOVERY tb.dut.DFFEARS_858 (D 591.71 / AR,AS release 1.62 ns before CLK)
           115581500 TIMING SETUP/RECOVERY tb.dut.DFFEARS_912 (D 2645.21 / AR,AS release 0.38 ns before CLK)
           115581500 TIMING SETUP/RECOVERY tb.dut.DFFEARS_1042 (D 115581.50 / AR,AS release 1.12 ns before CLK)
           115581500 TIMING SETUP/RECOVERY tb.dut.DFFEARS_1097 (D 596.37 / AR,AS release 1.38 ns before CLK)
           115581500 TIMING SETUP/RECOVERY tb.dut.DFFEARS_1132 (D 596.52 / AR,AS release 1.68 ns before CLK)
           115581500 TIMING SETUP/RECOVERY tb.dut.DFFEARS_1189 (D 115581.50 / AR,AS release 0.79 ns before CLK)
           115581500 TIMING SETUP/RECOVERY tb.dut.DFFEARS_1924 (D 115581.50 / AR,AS release 0.71 ns before CLK)
           116294970 TIMING SETUP/RECOVERY tb.u4.DFFEARS_1042 (D 755.09 / AR,AS release 2.93 ns before CLK)
           116781500 TIMING SETUP/RECOVERY tb.dut.DFFEARS_97 (D 36.17 / AR,AS release 0.98 ns before CLK)
           116781500 TIMING SETUP/RECOVERY tb.dut.DFFEARS_328 (D 116774.60 / AR,AS release 0.21 ns before CLK)
           116781500 TIMING SETUP/RECOVERY tb.dut.DFFEARS_731 (D 36.03 / AR,AS release 0.43 ns before CLK)
           116781500 TIMING SETUP/RECOVERY tb.dut.DFFEARS_753 (D 518.25 / AR,AS release 0.77 ns before CLK)
           116781500 TIMING SETUP/RECOVERY tb.dut.DFFEARS_858 (D 515.05 / AR,AS release 0.56 ns before CLK)
           116781500 TIMING SETUP/RECOVERY tb.dut.DFFEARS_1042 (D 116781.50 / AR,AS release 0.06 ns before CLK)
           116781500 TIMING SETUP/RECOVERY tb.dut.DFFEARS_1097 (D 518.58 / AR,AS release 0.32 ns before CLK)
           116781500 TIMING SETUP/RECOVERY tb.dut.DFFEARS_1132 (D 518.65 / AR,AS release 0.62 ns before CLK)
           117616290 TIMING SETUP/RECOVERY tb.u4.DFFEARS_105 (D 1145.30 / AR,AS release 0.53 ns before CLK)
           117616290 TIMING SETUP/RECOVERY tb.u4.DFFEARS_1061 (D 1145.40 / AR,AS release 0.20 ns before CLK)
           117816490 TIMING SETUP/RECOVERY tb.u4.DFFEARS_37 (D 1345.06 / AR,AS release 2.69 ns before CLK)
           117816490 TIMING SETUP/RECOVERY tb.u4.DFFEARS_50 (D 4815.75 / AR,AS release 2.77 ns before CLK)
           117816490 TIMING SETUP/RECOVERY tb.u4.DFFEARS_63 (D 1346.01 / AR,AS release 2.67 ns before CLK)
           117816490 TIMING SETUP/RECOVERY tb.u4.DFFEARS_83 (D 4817.68 / AR,AS release 2.25 ns before CLK)
           117816490 TIMING SETUP/RECOVERY tb.u4.DFFEARS_1002 (D 1345.42 / AR,AS release 2.47 ns before CLK)
           117816490 TIMING SETUP/RECOVERY tb.u4.DFFEARS_1042 (D 1343.93 / AR,AS release 2.16 ns before CLK)
           118056730 TIMING SETUP/RECOVERY tb.u4.DFFEARS_37 (D 1585.30 / AR,AS release 0.22 ns before CLK)
           118056730 TIMING SETUP/RECOVERY tb.u4.DFFEARS_50 (D 5055.99 / AR,AS release 0.30 ns before CLK)
           118056730 TIMING SETUP/RECOVERY tb.u4.DFFEARS_63 (D 1586.25 / AR,AS release 0.20 ns before CLK)
           118056730 TIMING SETUP/RECOVERY tb.u4.DFFEARS_105 (D 1585.74 / AR,AS release 0.97 ns before CLK)
           118056730 TIMING SETUP/RECOVERY tb.u4.DFFEARS_1002 (D 1585.65 / AR,AS release 0.00 ns before CLK)
           118056730 TIMING SETUP/RECOVERY tb.u4.DFFEARS_1061 (D 1585.84 / AR,AS release 0.64 ns before CLK)
           118256930 TIMING SETUP/RECOVERY tb.u4.DFFEARS_37 (D 1785.50 / AR,AS release 0.42 ns before CLK)
           118256930 TIMING SETUP/RECOVERY tb.u4.DFFEARS_63 (D 26.45 / AR,AS release 0.40 ns before CLK)
           118256930 TIMING SETUP/RECOVERY tb.u4.DFFEARS_1002 (D 1785.85 / AR,AS release 0.20 ns before CLK)
           118417090 TIMING SETUP/RECOVERY tb.u4.DFFEARS_867 (D 0.94 / AR,AS release 1000118417.09 ns before CLK)
           119137810 TIMING SETUP/RECOVERY tb.u4.DFFEARS_83 (D 6139.00 / AR,AS release 0.86 ns before CLK)
           119137810 TIMING SETUP/RECOVERY tb.u4.DFFEARS_1042 (D 2665.25 / AR,AS release 0.77 ns before CLK)
           119818490 TIMING SETUP/RECOVERY tb.u4.DFFEARS_83 (D 6819.68 / AR,AS release 0.10 ns before CLK)
           120459130 TIMING SETUP/RECOVERY tb.u4.DFFEARS_867 (D 2.44 / AR,AS release 1000120459.13 ns before CLK)
           121541783 TIMING HOLD tb.u4.DFFEARS_867 (D changed 1.57 ns after CLK)
           124501500 TIMING SETUP/RECOVERY tb.dut.DFFEARS_57 (D 75.26 / AR,AS release 0.35 ns before CLK)
           124501500 TIMING SETUP/RECOVERY tb.dut.DFFEARS_230 (D 2950.73 / AR,AS release 1.08 ns before CLK)
           124501500 TIMING SETUP/RECOVERY tb.dut.DFFEARS_354 (D 196.30 / AR,AS release 0.93 ns before CLK)
           124501500 TIMING SETUP/RECOVERY tb.dut.DFFEARS_705 (D 124501.50 / AR,AS release 1.32 ns before CLK)
           124501500 TIMING SETUP/RECOVERY tb.dut.DFFEARS_781 (D 11030.77 / AR,AS release 1.01 ns before CLK)
           124501500 TIMING SETUP/RECOVERY tb.dut.DFFEARS_805 (D 710.61 / AR,AS release 0.92 ns before CLK)
           124501500 TIMING SETUP/RECOVERY tb.dut.DFFEARS_912 (D 6471.41 / AR,AS release 0.66 ns before CLK)
           124501500 TIMING SETUP/RECOVERY tb.dut.DFFEARS_1189 (D 124501.50 / AR,AS release 1.07 ns before CLK)
           124501500 TIMING SETUP/RECOVERY tb.dut.DFFEARS_1924 (D 124501.50 / AR,AS release 0.99 ns before CLK)
           124663330 TIMING SETUP/RECOVERY tb.u4.DFFEARS_867 (D 1.12 / AR,AS release 1000124663.33 ns before CLK)
           347741500 TIMING SETUP/RECOVERY tb.dut.DFFEARS_134 (D 1.81 / AR,AS release 347540.30 ns before CLK)
cycles 4410; harmless wrong-cycle runts on ROM_CE/DUART_CS/DRAM_SEL (no strobe): 0
MC68882: #8 violations 0; #8B CS->DS(write) min 21.86 ns (>= 20); #9 AS->CS negated min 5.14 ns (>= 5)
DSACK: glue releases all termination pins <= 15.88 ns after AS rises; contention events 0, longest 0.00 ns
U4: DSACK driven high <= 5.13 ns and released <= 13.77 ns after AS rises; still driving after the next AS fell: 0 times (longest 0.00 ns)
U4 -> next DSACK/BERR/AVEC driver (68882, glue, expansion) hand-over gap: min 21.48 ns
SIMM model: 1224 reads, 867 writes (lane strobes), CBR side0 118 side1 118, timing errors 0
  min tRAS 80.1 tRP 60.1 tRCD 39.4 tRAH 23.6 tASC 14.6 tCAH n/a(col held to CAS high) tCP 99.4 tCAS 60.1 tCSR 19.1 tCHR 80.1 tWCS 19.5 tWCH 59.1
  init: first RAS 105.2 us after reset release; CBR cycles before first access: side0 9 side1 9
  max refresh gap per side (after init): side0 15175.2 ns side1 15135.1 ns (limit 15625)
DRAM: 306 long-word reads (956 bytes compared), 0 mismatching bytes; SIMM data release -> CPU write data on: min 13.60 ns
U4 DSACK0/DSACK1 assertion skew: max 0.61 ns over 597 cycles (EC #31A max 7.0)
DRAM wait states: 2:491 3:89 4:5 5:5 6+:7
IDE PIO-0: t0 min 679.07 (>=600), t1 min 119.37 (>=70), t2 min 360.00 (>=290), t4 min 99.17 (>=30), t9 min 44.88 (>=20) ns
DFF timing-check hits (setup/recovery 20546, hold 2875): expected on the asynchronous AS_n/IORDY capture edges and AS-driven preset/clear releases
done, errors=0
tb_system.v:301: $finish called at 1755282600 (1ps)
