seed 22
              539330 TIMING SETUP/RECOVERY tb.u4.DFFEARS_247 (D 537.44 / AR,AS release 1.08 ns before CLK)
              539330 TIMING SETUP/RECOVERY tb.u4.DFFEARS_1077 (D 531.38 / AR,AS release 1.64 ns before CLK)
              539330 TIMING SETUP/RECOVERY tb.u4.DFFEARS_1091 (D 537.00 / AR,AS release 2.13 ns before CLK)
              541500 TIMING SETUP/RECOVERY tb.dut.DFFEARS_17 (D 538.50 / AR,AS release 2.46 ns before CLK)
              541500 TIMING SETUP/RECOVERY tb.dut.DFFEARS_57 (D 541.50 / AR,AS release 2.96 ns before CLK)
              541500 TIMING SETUP/RECOVERY tb.dut.DFFEARS_230 (D 532.13 / AR,AS release 2.54 ns before CLK)
              541500 TIMING SETUP/RECOVERY tb.dut.DFFEARS_328 (D 541.50 / AR,AS release 2.44 ns before CLK)
              541500 TIMING SETUP/RECOVERY tb.dut.DFFEARS_705 (D 541.50 / AR,AS release 2.05 ns before CLK)
              541500 TIMING SETUP/RECOVERY tb.dut.DFFEARS_753 (D 541.50 / AR,AS release 1.71 ns before CLK)
              541500 TIMING SETUP/RECOVERY tb.dut.DFFEARS_805 (D 541.50 / AR,AS release 2.06 ns before CLK)
              541500 TIMING SETUP/RECOVERY tb.dut.DFFEARS_1042 (D 541.50 / AR,AS release 1.73 ns before CLK)
              541500 TIMING SETUP/RECOVERY tb.dut.DFFEARS_1132 (D 541.50 / AR,AS release 2.66 ns before CLK)
              541500 TIMING SETUP/RECOVERY tb.dut.DFFEARS_1189 (D 541.50 / AR,AS release 2.45 ns before CLK)
              541500 TIMING SETUP/RECOVERY tb.dut.DFFEARS_1924 (D 541.50 / AR,AS release 2.55 ns before CLK)
              741369 TIMING HOLD tb.u4.DFFEARS_867 (D changed 1.84 ns after CLK)
           112050730 TIMING SETUP/RECOVERY tb.u4.DFFEARS_247 (D 112048.84 / AR,AS release 1.23 ns before CLK)
           112050730 TIMING SETUP/RECOVERY tb.u4.DFFEARS_1077 (D 112042.78 / AR,AS release 1.79 ns before CLK)
           112050730 TIMING SETUP/RECOVERY tb.u4.DFFEARS_1091 (D 112048.39 / AR,AS release 2.28 ns before CLK)
           112141500 TIMING SETUP/RECOVERY tb.dut.DFFEARS_17 (D 0.84 / AR,AS release 91.21 ns before CLK)
           112141500 TIMING SETUP/RECOVERY tb.dut.DFFEARS_1541 (D 1.05 / AR,AS release 111940.68 ns before CLK)
           112371050 TIMING SETUP/RECOVERY tb.u4.DFFEARS_125 (D 112364.22 / AR,AS release 2.97 ns before CLK)
           112371050 TIMING SETUP/RECOVERY tb.u4.DFFEARS_247 (D 112369.16 / AR,AS release 0.92 ns before CLK)
           112371050 TIMING SETUP/RECOVERY tb.u4.DFFEARS_1077 (D 112363.10 / AR,AS release 1.48 ns before CLK)
           112371050 TIMING SETUP/RECOVERY tb.u4.DFFEARS_1091 (D 112368.71 / AR,AS release 1.98 ns before CLK)
           112571250 TIMING SETUP/RECOVERY tb.u4.DFFEARS_50 (D 4075.41 / AR,AS release 0.06 ns before CLK)
           112571250 TIMING SETUP/RECOVERY tb.u4.DFFEARS_63 (D 3874.13 / AR,AS release 0.02 ns before CLK)
           112571250 TIMING SETUP/RECOVERY tb.u4.DFFEARS_1042 (D 3874.61 / AR,AS release 0.13 ns before CLK)
           112571250 TIMING SETUP/RECOVERY tb.u4.DFFEARS_1061 (D 3874.45 / AR,AS release 0.36 ns before CLK)
           112741500 TIMING SETUP/RECOVERY tb.dut.DFFEARS_17 (D 0.84 / AR,AS release 171.21 ns before CLK)
           112741500 TIMING SETUP/RECOVERY tb.dut.DFFEARS_1541 (D 1.05 / AR,AS release 112540.68 ns before CLK)
           112771450 TIMING SETUP/RECOVERY tb.u4.DFFEARS_941 (D 15.79 / AR,AS release 0.00 ns before CLK)
           112901500 TIMING SETUP/RECOVERY tb.dut.DFFEARS_1541 (D 1.05 / AR,AS release 112700.68 ns before CLK)
           113171850 TIMING SETUP/RECOVERY tb.u4.DFFEARS_93 (D 424.44 / AR,AS release 2.68 ns before CLK)
           113171850 TIMING SETUP/RECOVERY tb.u4.DFFEARS_125 (D 424.68 / AR,AS release 2.17 ns before CLK)
           113372050 TIMING SETUP/RECOVERY tb.u4.DFFEARS_50 (D 371.71 / AR,AS release 0.14 ns before CLK)
           113372050 TIMING SETUP/RECOVERY tb.u4.DFFEARS_63 (D 621.43 / AR,AS release 0.10 ns before CLK)
           113372050 TIMING SETUP/RECOVERY tb.u4.DFFEARS_1042 (D 371.11 / AR,AS release 0.21 ns before CLK)
           113372050 TIMING SETUP/RECOVERY tb.u4.DFFEARS_1061 (D 370.95 / AR,AS release 0.44 ns before CLK)
           113732410 TIMING SETUP/RECOVERY tb.u4.DFFEARS_37 (D 732.21 / AR,AS release 0.92 ns before CLK)
           113732410 TIMING SETUP/RECOVERY tb.u4.DFFEARS_50 (D 732.07 / AR,AS release 1.22 ns before CLK)
           113732410 TIMING SETUP/RECOVERY tb.u4.DFFEARS_63 (D 981.79 / AR,AS release 1.18 ns before CLK)
           113732410 TIMING SETUP/RECOVERY tb.u4.DFFEARS_83 (D 732.62 / AR,AS release 1.04 ns before CLK)
           113732410 TIMING SETUP/RECOVERY tb.u4.DFFEARS_105 (D 979.39 / AR,AS release 0.69 ns before CLK)
           113732410 TIMING SETUP/RECOVERY tb.u4.DFFEARS_1002 (D 732.38 / AR,AS release 0.73 ns before CLK)
           113732410 TIMING SETUP/RECOVERY tb.u4.DFFEARS_1042 (D 731.47 / AR,AS release 1.29 ns before CLK)
           113732410 TIMING SETUP/RECOVERY tb.u4.DFFEARS_1061 (D 731.31 / AR,AS release 1.52 ns before CLK)
           113932610 TIMING SETUP/RECOVERY tb.u4.DFFEARS_93 (D 1185.20 / AR,AS release 0.67 ns before CLK)
           113932610 TIMING SETUP/RECOVERY tb.u4.DFFEARS_125 (D 1185.44 / AR,AS release 0.16 ns before CLK)
           113932610 TIMING SETUP/RECOVERY tb.u4.DFFEARS_941 (D 15.79 / AR,AS release 1.16 ns before CLK)
           114093169 TIMING HOLD tb.u4.DFFEARS_867 (D changed 0.40 ns after CLK)
           114661500 TIMING SETUP/RECOVERY tb.dut.DFFEARS_57 (D 35.83 / AR,AS release 0.25 ns before CLK)
           114661500 TIMING SETUP/RECOVERY tb.dut.DFFEARS_97 (D 36.68 / AR,AS release 0.90 ns before CLK)
           114661500 TIMING SETUP/RECOVERY tb.dut.DFFEARS_354 (D 35.30 / AR,AS release 0.55 ns before CLK)
           114661500 TIMING SETUP/RECOVERY tb.dut.DFFEARS_731 (D 35.91 / AR,AS release 0.60 ns before CLK)
           114661500 TIMING SETUP/RECOVERY tb.dut.DFFEARS_781 (D 114661.50 / AR,AS release 0.33 ns before CLK)
           114661500 TIMING SETUP/RECOVERY tb.dut.DFFEARS_858 (D 114661.50 / AR,AS release 0.84 ns before CLK)
           114661500 TIMING SETUP/RECOVERY tb.dut.DFFEARS_912 (D 31.71 / AR,AS release 0.40 ns before CLK)
           114661500 TIMING SETUP/RECOVERY tb.dut.DFFEARS_1097 (D 35.73 / AR,AS release 0.84 ns before CLK)
           115581500 TIMING SETUP/RECOVERY tb.dut.DFFEARS_230 (D 32.43 / AR,AS release 2.79 ns before CLK)
           115581500 TIMING SETUP/RECOVERY tb.dut.DFFEARS_328 (D 1147.83 / AR,AS release 2.69 ns before CLK)
           115581500 TIMING SETUP/RECOVERY tb.dut.DFFEARS_705 (D 2435.46 / AR,AS release 2.30 ns before CLK)
           115581500 TIMING SETUP/RECOVERY tb.dut.DFFEARS_753 (D 31.29 / AR,AS release 1.96 ns before CLK)
           115581500 TIMING SETUP/RECOVERY tb.dut.DFFEARS_805 (D 30.37 / AR,AS release 2.31 ns before CLK)
           115581500 TIMING SETUP/RECOVERY tb.dut.DFFEARS_1042 (D 115581.50 / AR,AS release 1.98 ns before CLK)
           115581500 TIMING SETUP/RECOVERY tb.dut.DFFEARS_1132 (D 31.29 / AR,AS release 2.91 ns before CLK)
           115581500 TIMING SETUP/RECOVERY tb.dut.DFFEARS_1189 (D 35.32 / AR,AS release 2.70 ns before CLK)
           115581500 TIMING SETUP/RECOVERY tb.dut.DFFEARS_1924 (D 115581.50 / AR,AS release 2.80 ns before CLK)
           115934610 TIMING SETUP/RECOVERY tb.u4.DFFEARS_37 (D 28.24 / AR,AS release 2.48 ns before CLK)
           115934610 TIMING SETUP/RECOVERY tb.u4.DFFEARS_83 (D 27.77 / AR,AS release 2.60 ns before CLK)
           115934610 TIMING SETUP/RECOVERY tb.u4.DFFEARS_105 (D 3181.59 / AR,AS release 2.25 ns before CLK)
           115934610 TIMING SETUP/RECOVERY tb.u4.DFFEARS_1002 (D 27.40 / AR,AS release 2.29 ns before CLK)
           117496170 TIMING SETUP/RECOVERY tb.u4.DFFEARS_93 (D 1593.12 / AR,AS release 0.56 ns before CLK)
           117496170 TIMING SETUP/RECOVERY tb.u4.DFFEARS_941 (D 15.79 / AR,AS release 1.05 ns before CLK)
           117501500 TIMING SETUP/RECOVERY tb.dut.DFFEARS_230 (D 28.06 / AR,AS release 2.62 ns before CLK)
           117501500 TIMING SETUP/RECOVERY tb.dut.DFFEARS_328 (D 3067.83 / AR,AS release 2.52 ns before CLK)
           117501500 TIMING SETUP/RECOVERY tb.dut.DFFEARS_705 (D 4355.46 / AR,AS release 2.13 ns before CLK)
           117501500 TIMING SETUP/RECOVERY tb.dut.DFFEARS_753 (D 236.23 / AR,AS release 1.79 ns before CLK)
           117501500 TIMING SETUP/RECOVERY tb.dut.DFFEARS_805 (D 230.53 / AR,AS release 2.14 ns before CLK)
           117501500 TIMING SETUP/RECOVERY tb.dut.DFFEARS_1042 (D 117501.50 / AR,AS release 1.81 ns before CLK)
           117501500 TIMING SETUP/RECOVERY tb.dut.DFFEARS_1132 (D 235.38 / AR,AS release 2.74 ns before CLK)
           117501500 TIMING SETUP/RECOVERY tb.dut.DFFEARS_1189 (D 235.32 / AR,AS release 2.52 ns before CLK)
           117501500 TIMING SETUP/RECOVERY tb.dut.DFFEARS_1924 (D 117501.50 / AR,AS release 2.63 ns before CLK)
           118901500 TIMING SETUP/RECOVERY tb.dut.DFFEARS_97 (D 36.68 / AR,AS release 0.33 ns before CLK)
           118901500 TIMING SETUP/RECOVERY tb.dut.DFFEARS_731 (D 31.77 / AR,AS release 0.03 ns before CLK)
           118901500 TIMING SETUP/RECOVERY tb.dut.DFFEARS_858 (D 723.73 / AR,AS release 0.27 ns before CLK)
           118901500 TIMING SETUP/RECOVERY tb.dut.DFFEARS_1097 (D 75.15 / AR,AS release 0.27 ns before CLK)
           119301500 TIMING SETUP/RECOVERY tb.dut.DFFEARS_57 (D 35.89 / AR,AS release 1.36 ns before CLK)
           119301500 TIMING SETUP/RECOVERY tb.dut.DFFEARS_97 (D 36.93 / AR,AS release 2.01 ns before CLK)
           119301500 TIMING SETUP/RECOVERY tb.dut.DFFEARS_354 (D 36.08 / AR,AS release 1.66 ns before CLK)
           119301500 TIMING SETUP/RECOVERY tb.dut.DFFEARS_731 (D 35.91 / AR,AS release 1.71 ns before CLK)
           119301500 TIMING SETUP/RECOVERY tb.dut.DFFEARS_781 (D 591.19 / AR,AS release 1.44 ns before CLK)
           119301500 TIMING SETUP/RECOVERY tb.dut.DFFEARS_858 (D 1123.73 / AR,AS release 1.95 ns before CLK)
           119301500 TIMING SETUP/RECOVERY tb.dut.DFFEARS_912 (D 208.20 / AR,AS release 1.51 ns before CLK)
           119301500 TIMING SETUP/RECOVERY tb.dut.DFFEARS_1097 (D 475.15 / AR,AS release 1.95 ns before CLK)
           119498170 TIMING SETUP/RECOVERY tb.u4.DFFEARS_37 (D 3591.80 / AR,AS release 0.31 ns before CLK)
           119498170 TIMING SETUP/RECOVERY tb.u4.DFFEARS_83 (D 3591.33 / AR,AS release 0.43 ns before CLK)
           119498170 TIMING SETUP/RECOVERY tb.u4.DFFEARS_105 (D 6745.15 / AR,AS release 0.08 ns before CLK)
           119498170 TIMING SETUP/RECOVERY tb.u4.DFFEARS_1002 (D 3590.96 / AR,AS release 0.12 ns before CLK)
           119661500 TIMING SETUP/RECOVERY tb.dut.DFFEARS_781 (D 951.19 / AR,AS release 2.85 ns before CLK)
           119661500 TIMING SETUP/RECOVERY tb.dut.DFFEARS_912 (D 207.49 / AR,AS release 2.92 ns before CLK)
           120700599 TIMING HOLD tb.u4.DFFEARS_867 (D changed 1.23 ns after CLK)
           121099770 TIMING SETUP/RECOVERY tb.u4.DFFEARS_867 (D 2.74 / AR,AS release 1000121099.77 ns before CLK)
           123061730 TIMING SETUP/RECOVERY tb.u4.DFFEARS_867 (D 2.11 / AR,AS release 1000123061.73 ns before CLK)
           126264930 TIMING SETUP/RECOVERY tb.u4.DFFEARS_867 (D 0.44 / AR,AS release 1000126264.93 ns before CLK)
           126301500 TIMING SETUP/RECOVERY tb.dut.DFFEARS_354 (D 34.85 / AR,AS release 1.23 ns before CLK)
cycles 4402; harmless wrong-cycle runts on ROM_CE/DUART_CS/DRAM_SEL (no strobe): 0
MC68882: #8 violations 0; #8B CS->DS(write) min 21.91 ns (>= 20); #9 AS->CS negated min 5.09 ns (>= 5)
DSACK: glue releases all termination pins <= 16.01 ns after AS rises; contention events 0, longest 0.00 ns
U4: DSACK driven high <= 13.04 ns and released <= 13.80 ns after AS rises; still driving after the next AS fell: 0 times (longest 0.00 ns)
U4 -> next DSACK/BERR/AVEC driver (68882, glue, expansion) hand-over gap: min 23.16 ns
SIMM model: 1264 reads, 816 writes (lane strobes), CBR side0 119 side1 119, timing errors 0
  min tRAS 80.1 tRP 60.1 tRCD 39.8 tRAH 24.3 tASC 14.1 tCAH n/a(col held to CAS high) tCP 99.5 tCAS 61.7 tCSR 19.6 tCHR 80.1 tWCS 19.3 tWCH 61.5
  init: first RAS 105.2 us after reset release; CBR cycles before first access: side0 9 side1 8
  max refresh gap per side (after init): side0 15235.2 ns side1 15215.2 ns (limit 15625)
DRAM: 316 long-word reads (964 bytes compared), 0 mismatching bytes; SIMM data release -> CPU write data on: min 13.88 ns
U4 DSACK0/DSACK1 assertion skew: max 0.87 ns over 598 cycles (EC #31A max 7.0)
DRAM wait states: 2:464 3:117 4:2 5:5 6+:10
IDE PIO-0: t0 min 679.37 (>=600), t1 min 119.67 (>=70), t2 min 360.00 (>=290), t4 min 98.82 (>=30), t9 min 43.96 (>=20) ns
DFF timing-check hits (setup/recovery 23429, hold 442): expected on the asynchronous AS_n/IORDY capture edges and AS-driven preset/clear releases
done, errors=0
tb_system.v:301: $finish called at 1770963480 (1ps)
