              662500 TIMING HOLD tb.dut.DFFEARS_1541 (D changed 1.00 ns after CLK)
              662500 TIMING HOLD tb.dut.DFFEARS_17 (D changed 1.00 ns after CLK)
             1302500 TIMING HOLD tb.dut.DFFEARS_1541 (D changed 1.00 ns after CLK)
             1302500 TIMING HOLD tb.dut.DFFEARS_17 (D changed 1.00 ns after CLK)
             1341500 TIMING SETUP/RECOVERY tb.dut.DFFEARS_1541 (D 2.53 / AR,AS release 1140.00 ns before CLK)
             2021770 TIMING HOLD tb.dut.DFFEARS_1541 (D changed 0.27 ns after CLK)
             2862500 TIMING HOLD tb.dut.DFFEARS_17 (D changed 1.00 ns after CLK)
             3581500 TIMING SETUP/RECOVERY tb.dut.DFFEARS_17 (D 8.00 / AR,AS release 2.50 ns before CLK)
             3581500 TIMING SETUP/RECOVERY tb.dut.DFFEARS_57 (D 33.67 / AR,AS release 2.50 ns before CLK)
             3581500 TIMING SETUP/RECOVERY tb.dut.DFFEARS_97 (D 33.67 / AR,AS release 2.50 ns before CLK)
             3581500 TIMING SETUP/RECOVERY tb.dut.DFFEARS_230 (D 198.28 / AR,AS release 2.50 ns before CLK)
             3581500 TIMING SETUP/RECOVERY tb.dut.DFFEARS_328 (D 3581.50 / AR,AS release 2.50 ns before CLK)
             3581500 TIMING SETUP/RECOVERY tb.dut.DFFEARS_354 (D 347.00 / AR,AS release 2.50 ns before CLK)
             3581500 TIMING SETUP/RECOVERY tb.dut.DFFEARS_705 (D 3581.50 / AR,AS release 2.50 ns before CLK)
             3581500 TIMING SETUP/RECOVERY tb.dut.DFFEARS_731 (D 33.67 / AR,AS release 2.50 ns before CLK)
             3581500 TIMING SETUP/RECOVERY tb.dut.DFFEARS_753 (D 924.25 / AR,AS release 2.50 ns before CLK)
             3581500 TIMING SETUP/RECOVERY tb.dut.DFFEARS_781 (D 1029.00 / AR,AS release 2.50 ns before CLK)
             3581500 TIMING SETUP/RECOVERY tb.dut.DFFEARS_805 (D 918.75 / AR,AS release 2.50 ns before CLK)
             3581500 TIMING SETUP/RECOVERY tb.dut.DFFEARS_858 (D 1599.19 / AR,AS release 2.50 ns before CLK)
             3581500 TIMING SETUP/RECOVERY tb.dut.DFFEARS_912 (D 203.78 / AR,AS release 2.50 ns before CLK)
             3581500 TIMING SETUP/RECOVERY tb.dut.DFFEARS_1042 (D 3581.50 / AR,AS release 2.50 ns before CLK)
             3581500 TIMING SETUP/RECOVERY tb.dut.DFFEARS_1097 (D 924.25 / AR,AS release 2.50 ns before CLK)
             3581500 TIMING SETUP/RECOVERY tb.dut.DFFEARS_1132 (D 2267.00 / AR,AS release 2.50 ns before CLK)
             3581500 TIMING SETUP/RECOVERY tb.dut.DFFEARS_1189 (D 3581.50 / AR,AS release 2.50 ns before CLK)
             3581500 TIMING SETUP/RECOVERY tb.dut.DFFEARS_1924 (D 536.00 / AR,AS release 2.50 ns before CLK)
             3741500 TIMING SETUP/RECOVERY tb.dut.DFFEARS_17 (D 1.76 / AR,AS release 162.50 ns before CLK)
             3741500 TIMING SETUP/RECOVERY tb.dut.DFFEARS_1541 (D 1.76 / AR,AS release 3540.00 ns before CLK)
             4621500 TIMING SETUP/RECOVERY tb.dut.DFFEARS_17 (D 6.61 / AR,AS release 1.11 ns before CLK)
             4621500 TIMING SETUP/RECOVERY tb.dut.DFFEARS_57 (D 34.50 / AR,AS release 1.11 ns before CLK)
             4621500 TIMING SETUP/RECOVERY tb.dut.DFFEARS_97 (D 34.50 / AR,AS release 1.11 ns before CLK)
             4621500 TIMING SETUP/RECOVERY tb.dut.DFFEARS_230 (D 176.00 / AR,AS release 1.11 ns before CLK)
             4621500 TIMING SETUP/RECOVERY tb.dut.DFFEARS_328 (D 20.48 / AR,AS release 1.11 ns before CLK)
             4621500 TIMING SETUP/RECOVERY tb.dut.DFFEARS_354 (D 27.00 / AR,AS release 1.11 ns before CLK)
             4621500 TIMING SETUP/RECOVERY tb.dut.DFFEARS_705 (D 4621.50 / AR,AS release 1.11 ns before CLK)
             4621500 TIMING SETUP/RECOVERY tb.dut.DFFEARS_731 (D 27.00 / AR,AS release 1.11 ns before CLK)
             4621500 TIMING SETUP/RECOVERY tb.dut.DFFEARS_753 (D 1964.25 / AR,AS release 1.11 ns before CLK)
             4621500 TIMING SETUP/RECOVERY tb.dut.DFFEARS_781 (D 2069.00 / AR,AS release 1.11 ns before CLK)
             4621500 TIMING SETUP/RECOVERY tb.dut.DFFEARS_805 (D 1958.75 / AR,AS release 1.11 ns before CLK)
             4621500 TIMING SETUP/RECOVERY tb.dut.DFFEARS_858 (D 2639.19 / AR,AS release 1.11 ns before CLK)
             4621500 TIMING SETUP/RECOVERY tb.dut.DFFEARS_912 (D 1243.78 / AR,AS release 1.11 ns before CLK)
             4621500 TIMING SETUP/RECOVERY tb.dut.DFFEARS_1042 (D 4621.50 / AR,AS release 1.11 ns before CLK)
             4621500 TIMING SETUP/RECOVERY tb.dut.DFFEARS_1097 (D 1964.25 / AR,AS release 1.11 ns before CLK)
             4621500 TIMING SETUP/RECOVERY tb.dut.DFFEARS_1132 (D 3307.00 / AR,AS release 1.11 ns before CLK)
             4621500 TIMING SETUP/RECOVERY tb.dut.DFFEARS_1189 (D 4621.50 / AR,AS release 1.11 ns before CLK)
             4621500 TIMING SETUP/RECOVERY tb.dut.DFFEARS_1924 (D 1576.00 / AR,AS release 1.11 ns before CLK)
             9141500 TIMING SETUP/RECOVERY tb.dut.DFFEARS_1541 (D 1.34 / AR,AS release 8940.00 ns before CLK)
            12861500 TIMING SETUP/RECOVERY tb.dut.DFFEARS_57 (D 74.50 / AR,AS release 2.48 ns before CLK)
            12861500 TIMING SETUP/RECOVERY tb.dut.DFFEARS_97 (D 74.50 / AR,AS release 2.48 ns before CLK)
            12861500 TIMING SETUP/RECOVERY tb.dut.DFFEARS_230 (D 267.00 / AR,AS release 2.48 ns before CLK)
            12861500 TIMING SETUP/RECOVERY tb.dut.DFFEARS_328 (D 4816.00 / AR,AS release 2.48 ns before CLK)
            12861500 TIMING SETUP/RECOVERY tb.dut.DFFEARS_354 (D 34.50 / AR,AS release 2.48 ns before CLK)
            12861500 TIMING SETUP/RECOVERY tb.dut.DFFEARS_705 (D 437.27 / AR,AS release 2.48 ns before CLK)
            12861500 TIMING SETUP/RECOVERY tb.dut.DFFEARS_731 (D 34.50 / AR,AS release 2.48 ns before CLK)
            12861500 TIMING SETUP/RECOVERY tb.dut.DFFEARS_753 (D 636.09 / AR,AS release 2.48 ns before CLK)
            12861500 TIMING SETUP/RECOVERY tb.dut.DFFEARS_781 (D 4309.00 / AR,AS release 2.48 ns before CLK)
            12861500 TIMING SETUP/RECOVERY tb.dut.DFFEARS_805 (D 630.59 / AR,AS release 2.48 ns before CLK)
            12861500 TIMING SETUP/RECOVERY tb.dut.DFFEARS_858 (D 630.59 / AR,AS release 2.48 ns before CLK)
            12861500 TIMING SETUP/RECOVERY tb.dut.DFFEARS_912 (D 3227.05 / AR,AS release 2.48 ns before CLK)
            12861500 TIMING SETUP/RECOVERY tb.dut.DFFEARS_1042 (D 12861.50 / AR,AS release 2.48 ns before CLK)
            12861500 TIMING SETUP/RECOVERY tb.dut.DFFEARS_1097 (D 636.09 / AR,AS release 2.48 ns before CLK)
            12861500 TIMING SETUP/RECOVERY tb.dut.DFFEARS_1132 (D 4187.00 / AR,AS release 2.48 ns before CLK)
            12861500 TIMING SETUP/RECOVERY tb.dut.DFFEARS_1189 (D 12861.50 / AR,AS release 2.48 ns before CLK)
            12861500 TIMING SETUP/RECOVERY tb.dut.DFFEARS_1924 (D 9816.00 / AR,AS release 2.48 ns before CLK)
            38107590 DSACK0 contention: glue z U4 1 FPU 0 EXP 2, kind 9, 19.42 ns after AS fell / 49.59 after previous AS rose
            59301090 DSACK0 contention: glue z U4 1 FPU 0 EXP 2, kind 9, 13.09 ns after AS fell / 43.09 after previous AS rose
           269750480 DSACK0 contention: glue z U4 1 FPU 0 EXP 2, kind 9, 22.48 ns after AS fell / 52.48 after previous AS rose
cycles 4398; harmless wrong-cycle runts on ROM_CE/DUART_CS/DRAM_SEL (no strobe): 0
MC68882: #8 violations 0; #8B CS->DS(write) min 19.57 ns (>= 20); #9 AS->CS negated min 7.50 ns (>= 5)
DSACK: glue releases all termination pins <= 20.50 ns after AS rises; contention events 54, longest 17.87 ns
IDE PIO-0: t0 min 640.00 (>=600), t1 min 120.00 (>=70), t2 min 360.00 (>=290), t4 min 57.07 (>=30), t9 min 45.51 (>=20) ns
DFF timing-check hits (setup/recovery 9273, hold 4747): expected on the asynchronous AS_n/IORDY capture edges
done, errors=0
tb_timed.v:220: $finish called at 1534658000 (1ps)
