seed 22
              661500 TIMING SETUP/RECOVERY tb.dut.DFFEARS_17 (D 0.84 / AR,AS release 131.21 ns before CLK)
              661500 TIMING SETUP/RECOVERY tb.dut.DFFEARS_1541 (D 1.05 / AR,AS release 460.68 ns before CLK)
             2101500 TIMING SETUP/RECOVERY tb.dut.DFFEARS_17 (D 0.84 / AR,AS release 131.21 ns before CLK)
             2101500 TIMING SETUP/RECOVERY tb.dut.DFFEARS_1541 (D 1.05 / AR,AS release 1900.68 ns before CLK)
             2141500 TIMING SETUP/RECOVERY tb.dut.DFFEARS_17 (D 7.22 / AR,AS release 2.59 ns before CLK)
             2141500 TIMING SETUP/RECOVERY tb.dut.DFFEARS_230 (D 27.56 / AR,AS release 2.67 ns before CLK)
             2141500 TIMING SETUP/RECOVERY tb.dut.DFFEARS_328 (D 2141.50 / AR,AS release 2.57 ns before CLK)
             2141500 TIMING SETUP/RECOVERY tb.dut.DFFEARS_705 (D 2141.50 / AR,AS release 2.18 ns before CLK)
             2141500 TIMING SETUP/RECOVERY tb.dut.DFFEARS_753 (D 199.99 / AR,AS release 1.84 ns before CLK)
             2141500 TIMING SETUP/RECOVERY tb.dut.DFFEARS_805 (D 197.36 / AR,AS release 2.19 ns before CLK)
             2141500 TIMING SETUP/RECOVERY tb.dut.DFFEARS_1042 (D 2141.50 / AR,AS release 1.86 ns before CLK)
             2141500 TIMING SETUP/RECOVERY tb.dut.DFFEARS_1132 (D 316.26 / AR,AS release 2.79 ns before CLK)
             2141500 TIMING SETUP/RECOVERY tb.dut.DFFEARS_1189 (D 2141.50 / AR,AS release 2.57 ns before CLK)
             2141500 TIMING SETUP/RECOVERY tb.dut.DFFEARS_1924 (D 2141.50 / AR,AS release 2.68 ns before CLK)
             2381500 TIMING SETUP/RECOVERY tb.dut.DFFEARS_57 (D 75.89 / AR,AS release 0.98 ns before CLK)
             2381500 TIMING SETUP/RECOVERY tb.dut.DFFEARS_97 (D 45.51 / AR,AS release 1.63 ns before CLK)
             2381500 TIMING SETUP/RECOVERY tb.dut.DFFEARS_230 (D 38.68 / AR,AS release 0.56 ns before CLK)
             2381500 TIMING SETUP/RECOVERY tb.dut.DFFEARS_328 (D 2381.50 / AR,AS release 0.46 ns before CLK)
             2381500 TIMING SETUP/RECOVERY tb.dut.DFFEARS_354 (D 47.48 / AR,AS release 1.28 ns before CLK)
             2381500 TIMING SETUP/RECOVERY tb.dut.DFFEARS_705 (D 45.61 / AR,AS release 0.07 ns before CLK)
             2381500 TIMING SETUP/RECOVERY tb.dut.DFFEARS_731 (D 46.30 / AR,AS release 1.33 ns before CLK)
             2381500 TIMING SETUP/RECOVERY tb.dut.DFFEARS_781 (D 2381.50 / AR,AS release 1.06 ns before CLK)
             2381500 TIMING SETUP/RECOVERY tb.dut.DFFEARS_805 (D 437.36 / AR,AS release 0.08 ns before CLK)
             2381500 TIMING SETUP/RECOVERY tb.dut.DFFEARS_858 (D 436.70 / AR,AS release 1.57 ns before CLK)
             2381500 TIMING SETUP/RECOVERY tb.dut.DFFEARS_912 (D 271.70 / AR,AS release 1.13 ns before CLK)
             2381500 TIMING SETUP/RECOVERY tb.dut.DFFEARS_1097 (D 439.51 / AR,AS release 1.57 ns before CLK)
             2381500 TIMING SETUP/RECOVERY tb.dut.DFFEARS_1132 (D 556.26 / AR,AS release 0.68 ns before CLK)
             2381500 TIMING SETUP/RECOVERY tb.dut.DFFEARS_1189 (D 2381.50 / AR,AS release 0.47 ns before CLK)
             2381500 TIMING SETUP/RECOVERY tb.dut.DFFEARS_1924 (D 2381.50 / AR,AS release 0.57 ns before CLK)
             2821500 TIMING SETUP/RECOVERY tb.dut.DFFEARS_1541 (D 1.05 / AR,AS release 2620.68 ns before CLK)
             4181500 TIMING SETUP/RECOVERY tb.dut.DFFEARS_57 (D 35.89 / AR,AS release 0.51 ns before CLK)
             4181500 TIMING SETUP/RECOVERY tb.dut.DFFEARS_97 (D 32.32 / AR,AS release 1.16 ns before CLK)
             4181500 TIMING SETUP/RECOVERY tb.dut.DFFEARS_230 (D 30.33 / AR,AS release 0.09 ns before CLK)
             4181500 TIMING SETUP/RECOVERY tb.dut.DFFEARS_354 (D 34.29 / AR,AS release 0.81 ns before CLK)
             4181500 TIMING SETUP/RECOVERY tb.dut.DFFEARS_731 (D 33.11 / AR,AS release 0.86 ns before CLK)
             4181500 TIMING SETUP/RECOVERY tb.dut.DFFEARS_781 (D 28.63 / AR,AS release 0.59 ns before CLK)
             4181500 TIMING SETUP/RECOVERY tb.dut.DFFEARS_858 (D 713.12 / AR,AS release 1.10 ns before CLK)
             4181500 TIMING SETUP/RECOVERY tb.dut.DFFEARS_912 (D 2071.70 / AR,AS release 0.66 ns before CLK)
             4181500 TIMING SETUP/RECOVERY tb.dut.DFFEARS_1097 (D 32.94 / AR,AS release 1.10 ns before CLK)
             4181500 TIMING SETUP/RECOVERY tb.dut.DFFEARS_1132 (D 34.65 / AR,AS release 0.21 ns before CLK)
             4181500 TIMING SETUP/RECOVERY tb.dut.DFFEARS_1924 (D 4181.50 / AR,AS release 0.10 ns before CLK)
             6341500 TIMING SETUP/RECOVERY tb.dut.DFFEARS_57 (D 35.89 / AR,AS release 1.97 ns before CLK)
             6341500 TIMING SETUP/RECOVERY tb.dut.DFFEARS_97 (D 36.93 / AR,AS release 2.62 ns before CLK)
             6341500 TIMING SETUP/RECOVERY tb.dut.DFFEARS_328 (D 6341.50 / AR,AS release 1.45 ns before CLK)
             6341500 TIMING SETUP/RECOVERY tb.dut.DFFEARS_354 (D 35.56 / AR,AS release 2.27 ns before CLK)
             6341500 TIMING SETUP/RECOVERY tb.dut.DFFEARS_705 (D 791.10 / AR,AS release 1.06 ns before CLK)
             6341500 TIMING SETUP/RECOVERY tb.dut.DFFEARS_731 (D 35.91 / AR,AS release 2.32 ns before CLK)
             6341500 TIMING SETUP/RECOVERY tb.dut.DFFEARS_753 (D 36.23 / AR,AS release 0.72 ns before CLK)
             6341500 TIMING SETUP/RECOVERY tb.dut.DFFEARS_781 (D 992.44 / AR,AS release 2.05 ns before CLK)
             6341500 TIMING SETUP/RECOVERY tb.dut.DFFEARS_805 (D 30.53 / AR,AS release 1.07 ns before CLK)
             6341500 TIMING SETUP/RECOVERY tb.dut.DFFEARS_858 (D 32.21 / AR,AS release 2.56 ns before CLK)
             6341500 TIMING SETUP/RECOVERY tb.dut.DFFEARS_912 (D 1677.51 / AR,AS release 2.12 ns before CLK)
             6341500 TIMING SETUP/RECOVERY tb.dut.DFFEARS_1042 (D 6341.50 / AR,AS release 0.74 ns before CLK)
             6341500 TIMING SETUP/RECOVERY tb.dut.DFFEARS_1097 (D 35.38 / AR,AS release 2.56 ns before CLK)
             6341500 TIMING SETUP/RECOVERY tb.dut.DFFEARS_1189 (D 6341.50 / AR,AS release 1.45 ns before CLK)
            11621500 TIMING SETUP/RECOVERY tb.dut.DFFEARS_753 (D 192.09 / AR,AS release 0.10 ns before CLK)
            11621500 TIMING SETUP/RECOVERY tb.dut.DFFEARS_1042 (D 11621.50 / AR,AS release 0.12 ns before CLK)
            21253518 DSACK0 contention: glue z U4 1 FPU 0 EXP 2, kind 9, 5.52 ns after AS fell / 35.52 after previous AS rose
            35870268 DSACK0 contention: glue z U4 1 FPU 0 EXP 2, kind 9, 15.28 ns after AS fell / 52.27 after previous AS rose
           108222478 DSACK0 contention: glue z U4 1 FPU 0 EXP 2, kind 9, 14.21 ns after AS fell / 53.97 after previous AS rose
cycles 4399; harmless wrong-cycle runts on ROM_CE/DUART_CS/DRAM_SEL (no strobe): 0
MC68882: #8 violations 0; #8B CS->DS(write) min 21.91 ns (>= 20); #9 AS->CS negated min 5.09 ns (>= 5)
DSACK: glue releases all termination pins <= 16.01 ns after AS rises; contention events 46, longest 21.48 ns
IDE PIO-0: t0 min 639.37 (>=600), t1 min 119.67 (>=70), t2 min 360.00 (>=290), t4 min 58.83 (>=30), t9 min 43.96 (>=20) ns
DFF timing-check hits (setup/recovery 12896, hold 0): expected on the asynchronous AS_n/IORDY capture edges
done, errors=0
tb_timed.v:220: $finish called at 1521578000 (1ps)
