+ dirname /opt/atf15xx_yosys/run_yosys.sh
+ export ROOT=/opt/atf15xx_yosys
+ NAME=dram
+ shift
+ yosys --version
+ cut -d  -f2
+ VERSION=0.52
+ [ 0.52 > 0.30+20 ]
+ LSBIDX=-lsbidx
+ yosys

 /----------------------------------------------------------------------------\
 |  yosys -- Yosys Open SYnthesis Suite                                       |
 |  Copyright (C) 2012 - 2025  Claire Xenia Wolf <claire@yosyshq.com>         |
 |  Distributed under an ISC-like license, type "license" to see terms        |
 \----------------------------------------------------------------------------/
 Yosys 0.52 (git sha1 fee39a3284c90249e1d9684cf6944ffbbcbb8f90)

yosys> read_liberty -lib /opt/atf15xx_yosys/cells.lib

1. Executing Liberty frontend: /opt/atf15xx_yosys/cells.lib
Imported 102 cell types from liberty file.

yosys> read_verilog dram.v

2. Executing Verilog-2005 frontend: dram.v
Parsing Verilog input from `dram.v' to AST representation.
Warning: Yosys has only limited support for tri-state logic at the moment. (dram.v:254)
Warning: Yosys has only limited support for tri-state logic at the moment. (dram.v:255)
Generating RTLIL representation for module `\dram'.
Successfully finished Verilog frontend.

yosys> stat

3. Printing statistics.

=== dram ===

   Number of wires:                307
   Number of wire bits:            363
   Number of public wires:         113
   Number of public wire bits:     130
   Number of ports:                 58
   Number of port bits:             58
   Number of memories:               0
   Number of memory bits:            0
   Number of processes:             18
   Number of cells:                153
     $add                            3
     $and                           43
     $eq                             4
     $logic_not                      2
     $mux                           15
     $not                           54
     $or                            32


yosys> tribuf
4. Executing TRIBUF pass.

yosys> stat

5. Printing statistics.

=== dram ===

   Number of wires:                307
   Number of wire bits:            363
   Number of public wires:         113
   Number of public wire bits:     130
   Number of ports:                 58
   Number of port bits:             58
   Number of memories:               0
   Number of memory bits:            0
   Number of processes:             18
   Number of cells:                153
     $add                            3
     $and                           43
     $eq                             4
     $logic_not                      2
     $mux                           13
     $not                           54
     $or                            32
     $tribuf                         2


yosys> synth -flatten -noabc -auto-top
6. Executing SYNTH pass.

6.1. Executing HIERARCHY pass (managing design hierarchy).

6.1.1. Finding top of design hierarchy..
root of   0 design levels: dram                
Automatically selected dram as design top module.

6.1.2. Analyzing design hierarchy..
Top module:  \dram

6.1.3. Analyzing design hierarchy..
Top module:  \dram
Removed 0 unused modules.

6.2. Executing PROC pass (convert processes to netlists).

6.2.1. Executing PROC_CLEAN pass (remove empty switches from decision trees).
Cleaned up 0 empty switches.

6.2.2. Executing PROC_RMDEAD pass (remove dead branches from decision trees).
Marked 1 switch rules as full_case in process $proc$dram.v:246$151 in module dram.
Marked 1 switch rules as full_case in process $proc$dram.v:245$149 in module dram.
Marked 1 switch rules as full_case in process $proc$dram.v:238$141 in module dram.
Marked 1 switch rules as full_case in process $proc$dram.v:237$137 in module dram.
Marked 1 switch rules as full_case in process $proc$dram.v:236$133 in module dram.
Marked 1 switch rules as full_case in process $proc$dram.v:230$123 in module dram.
Marked 1 switch rules as full_case in process $proc$dram.v:228$114 in module dram.
Marked 1 switch rules as full_case in process $proc$dram.v:226$105 in module dram.
Marked 1 switch rules as full_case in process $proc$dram.v:224$96 in module dram.
Marked 1 switch rules as full_case in process $proc$dram.v:219$90 in module dram.
Marked 1 switch rules as full_case in process $proc$dram.v:218$84 in module dram.
Marked 1 switch rules as full_case in process $proc$dram.v:217$78 in module dram.
Marked 1 switch rules as full_case in process $proc$dram.v:216$72 in module dram.
Marked 1 switch rules as full_case in process $proc$dram.v:201$61 in module dram.
Marked 5 switch rules as full_case in process $proc$dram.v:159$21 in module dram.
Marked 1 switch rules as full_case in process $proc$dram.v:134$7 in module dram.
Marked 1 switch rules as full_case in process $proc$dram.v:122$1 in module dram.
Removed a total of 0 dead cases.

6.2.3. Executing PROC_PRUNE pass (remove redundant assignments in processes).
Removed 31 redundant assignments.
Promoted 3 assignments to connections.

6.2.4. Executing PROC_INIT pass (extract init attributes).

6.2.5. Executing PROC_ARST pass (detect async resets in processes).
Found async reset \acl in `\dram.$proc$dram.v:246$151'.
Found async reset \acl in `\dram.$proc$dram.v:245$149'.
Found async reset \acl in `\dram.$proc$dram.v:238$141'.
Found async reset \acl in `\dram.$proc$dram.v:237$137'.
Found async reset \acl in `\dram.$proc$dram.v:236$133'.
Found async reset \cpu_clr in `\dram.$proc$dram.v:230$123'.
Found async reset \cpu_clr in `\dram.$proc$dram.v:228$114'.
Found async reset \cpu_clr in `\dram.$proc$dram.v:226$105'.
Found async reset \cpu_clr in `\dram.$proc$dram.v:224$96'.
Found async reset \cpu_clr in `\dram.$proc$dram.v:219$90'.
Found async reset \cpu_clr in `\dram.$proc$dram.v:218$84'.
Found async reset \cpu_clr in `\dram.$proc$dram.v:217$78'.
Found async reset \cpu_clr in `\dram.$proc$dram.v:216$72'.
Found async reset \PWR_RST_n in `\dram.$proc$dram.v:159$21'.
Found async reset \PWR_RST_n in `\dram.$proc$dram.v:134$7'.
Found async reset \AS_n in `\dram.$proc$dram.v:122$1'.

6.2.6. Executing PROC_ROM pass (convert switches to ROMs).
Converted 1 switch.
<suppressed ~10 debug messages>

6.2.7. Executing PROC_MUX pass (convert decision trees to multiplexers).
Creating decoders for process `\dram.$proc$dram.v:246$151'.
     1/1: $0\k1[0:0]
Creating decoders for process `\dram.$proc$dram.v:245$149'.
     1/1: $0\k0[0:0]
Creating decoders for process `\dram.$proc$dram.v:238$141'.
     1/1: $0\wen[0:0]
Creating decoders for process `\dram.$proc$dram.v:237$137'.
     1/1: $0\colp[0:0]
Creating decoders for process `\dram.$proc$dram.v:236$133'.
     1/1: $0\col[0:0]
Creating decoders for process `\dram.$proc$dram.v:230$123'.
     1/1: $0\c3n[0:0]
Creating decoders for process `\dram.$proc$dram.v:228$114'.
     1/1: $0\c2n[0:0]
Creating decoders for process `\dram.$proc$dram.v:226$105'.
     1/1: $0\c1n[0:0]
Creating decoders for process `\dram.$proc$dram.v:224$96'.
     1/1: $0\c0n[0:0]
Creating decoders for process `\dram.$proc$dram.v:219$90'.
     1/1: $0\r3n[0:0]
Creating decoders for process `\dram.$proc$dram.v:218$84'.
     1/1: $0\r1n[0:0]
Creating decoders for process `\dram.$proc$dram.v:217$78'.
     1/1: $0\r2n[0:0]
Creating decoders for process `\dram.$proc$dram.v:216$72'.
     1/1: $0\r0n[0:0]
Creating decoders for process `\dram.$proc$dram.v:201$61'.
     1/1: $1\tbl[3:0]
Creating decoders for process `\dram.$proc$dram.v:159$21'.
     1/21: $0\refq[0:0]
     2/21: $0\sR8[0:0]
     3/21: $0\sR7[0:0]
     4/21: $0\sR6[0:0]
     5/21: $0\sR5[0:0]
     6/21: $0\sR4[0:0]
     7/21: $0\sR3[0:0]
     8/21: $0\sR2[0:0]
     9/21: $0\sR1[0:0]
    10/21: $0\sR0[0:0]
    11/21: $0\sAck[0:0]
    12/21: $0\sCol[0:0]
    13/21: $0\sRow[0:0]
    14/21: $0\sI[0:0]
    15/21: $0\dreq[0:0]
    16/21: $0\refm[0:0]
    17/21: $0\rside[0:0]
    18/21: $0\ref_pend[0:0]
    19/21: $0\icnt[3:0]
    20/21: $0\ready[0:0]
    21/21: $0\pa[0:0]
Creating decoders for process `\dram.$proc$dram.v:134$7'.
     1/2: $0\tdiv[8:0]
     2/2: $0\tick[0:0]
Creating decoders for process `\dram.$proc$dram.v:123$4'.
Creating decoders for process `\dram.$proc$dram.v:122$1'.
     1/1: $0\as1[0:0]

6.2.8. Executing PROC_DLATCH pass (convert process syncs to latches).
No latch inferred for signal `\dram.\tbl' from process `\dram.$proc$dram.v:201$61'.

6.2.9. Executing PROC_DFF pass (convert process syncs to FFs).
Creating register for signal `\dram.\k1' using process `\dram.$proc$dram.v:246$151'.
  created $adff cell `$procdff$216' with positive edge clock and positive level reset.
Creating register for signal `\dram.\k0' using process `\dram.$proc$dram.v:245$149'.
  created $adff cell `$procdff$219' with positive edge clock and positive level reset.
Creating register for signal `\dram.\wen' using process `\dram.$proc$dram.v:238$141'.
  created $adff cell `$procdff$222' with positive edge clock and positive level reset.
Creating register for signal `\dram.\colp' using process `\dram.$proc$dram.v:237$137'.
  created $adff cell `$procdff$225' with positive edge clock and positive level reset.
Creating register for signal `\dram.\col' using process `\dram.$proc$dram.v:236$133'.
  created $adff cell `$procdff$228' with positive edge clock and positive level reset.
Creating register for signal `\dram.\c3n' using process `\dram.$proc$dram.v:230$123'.
  created $adff cell `$procdff$231' with positive edge clock and positive level reset.
Creating register for signal `\dram.\c2n' using process `\dram.$proc$dram.v:228$114'.
  created $adff cell `$procdff$234' with positive edge clock and positive level reset.
Creating register for signal `\dram.\c1n' using process `\dram.$proc$dram.v:226$105'.
  created $adff cell `$procdff$237' with positive edge clock and positive level reset.
Creating register for signal `\dram.\c0n' using process `\dram.$proc$dram.v:224$96'.
  created $adff cell `$procdff$240' with positive edge clock and positive level reset.
Creating register for signal `\dram.\r3n' using process `\dram.$proc$dram.v:219$90'.
  created $adff cell `$procdff$243' with positive edge clock and positive level reset.
Creating register for signal `\dram.\r1n' using process `\dram.$proc$dram.v:218$84'.
  created $adff cell `$procdff$246' with positive edge clock and positive level reset.
Creating register for signal `\dram.\r2n' using process `\dram.$proc$dram.v:217$78'.
  created $adff cell `$procdff$249' with positive edge clock and positive level reset.
Creating register for signal `\dram.\r0n' using process `\dram.$proc$dram.v:216$72'.
  created $adff cell `$procdff$252' with positive edge clock and positive level reset.
Creating register for signal `\dram.\sI' using process `\dram.$proc$dram.v:159$21'.
  created $adff cell `$procdff$257' with positive edge clock and positive level reset.
Creating register for signal `\dram.\sRow' using process `\dram.$proc$dram.v:159$21'.
  created $adff cell `$procdff$262' with positive edge clock and positive level reset.
Creating register for signal `\dram.\sCol' using process `\dram.$proc$dram.v:159$21'.
  created $adff cell `$procdff$267' with positive edge clock and positive level reset.
Creating register for signal `\dram.\sAck' using process `\dram.$proc$dram.v:159$21'.
  created $adff cell `$procdff$272' with positive edge clock and positive level reset.
Creating register for signal `\dram.\sR0' using process `\dram.$proc$dram.v:159$21'.
  created $adff cell `$procdff$277' with positive edge clock and positive level reset.
Creating register for signal `\dram.\sR1' using process `\dram.$proc$dram.v:159$21'.
  created $adff cell `$procdff$282' with positive edge clock and positive level reset.
Creating register for signal `\dram.\sR2' using process `\dram.$proc$dram.v:159$21'.
  created $adff cell `$procdff$287' with positive edge clock and positive level reset.
Creating register for signal `\dram.\sR3' using process `\dram.$proc$dram.v:159$21'.
  created $adff cell `$procdff$292' with positive edge clock and positive level reset.
Creating register for signal `\dram.\sR4' using process `\dram.$proc$dram.v:159$21'.
  created $adff cell `$procdff$297' with positive edge clock and positive level reset.
Creating register for signal `\dram.\sR5' using process `\dram.$proc$dram.v:159$21'.
  created $adff cell `$procdff$302' with positive edge clock and positive level reset.
Creating register for signal `\dram.\sR6' using process `\dram.$proc$dram.v:159$21'.
  created $adff cell `$procdff$307' with positive edge clock and positive level reset.
Creating register for signal `\dram.\sR7' using process `\dram.$proc$dram.v:159$21'.
  created $adff cell `$procdff$312' with positive edge clock and positive level reset.
Creating register for signal `\dram.\sR8' using process `\dram.$proc$dram.v:159$21'.
  created $adff cell `$procdff$317' with positive edge clock and positive level reset.
Creating register for signal `\dram.\pa' using process `\dram.$proc$dram.v:159$21'.
  created $adff cell `$procdff$322' with positive edge clock and positive level reset.
Creating register for signal `\dram.\ready' using process `\dram.$proc$dram.v:159$21'.
  created $adff cell `$procdff$327' with positive edge clock and positive level reset.
Creating register for signal `\dram.\icnt' using process `\dram.$proc$dram.v:159$21'.
  created $adff cell `$procdff$332' with positive edge clock and positive level reset.
Creating register for signal `\dram.\ref_pend' using process `\dram.$proc$dram.v:159$21'.
  created $adff cell `$procdff$337' with positive edge clock and positive level reset.
Creating register for signal `\dram.\refq' using process `\dram.$proc$dram.v:159$21'.
  created $adff cell `$procdff$342' with positive edge clock and positive level reset.
Creating register for signal `\dram.\rside' using process `\dram.$proc$dram.v:159$21'.
  created $adff cell `$procdff$347' with positive edge clock and positive level reset.
Creating register for signal `\dram.\refm' using process `\dram.$proc$dram.v:159$21'.
  created $adff cell `$procdff$352' with positive edge clock and positive level reset.
Creating register for signal `\dram.\dreq' using process `\dram.$proc$dram.v:159$21'.
  created $adff cell `$procdff$357' with positive edge clock and positive level reset.
Creating register for signal `\dram.\tdiv' using process `\dram.$proc$dram.v:134$7'.
  created $adff cell `$procdff$362' with positive edge clock and positive level reset.
Creating register for signal `\dram.\tick' using process `\dram.$proc$dram.v:134$7'.
  created $adff cell `$procdff$367' with positive edge clock and positive level reset.
Creating register for signal `\dram.\as2' using process `\dram.$proc$dram.v:123$4'.
  created $dff cell `$procdff$368' with positive edge clock.
Creating register for signal `\dram.\as3' using process `\dram.$proc$dram.v:123$4'.
  created $dff cell `$procdff$369' with positive edge clock.
Creating register for signal `\dram.\as1' using process `\dram.$proc$dram.v:122$1'.
  created $adff cell `$procdff$372' with positive edge clock and positive level reset.

6.2.10. Executing PROC_MEMWR pass (convert process memory writes to cells).

6.2.11. Executing PROC_CLEAN pass (remove empty switches from decision trees).
Removing empty process `dram.$proc$dram.v:246$151'.
Removing empty process `dram.$proc$dram.v:245$149'.
Removing empty process `dram.$proc$dram.v:238$141'.
Removing empty process `dram.$proc$dram.v:237$137'.
Removing empty process `dram.$proc$dram.v:236$133'.
Removing empty process `dram.$proc$dram.v:230$123'.
Removing empty process `dram.$proc$dram.v:228$114'.
Removing empty process `dram.$proc$dram.v:226$105'.
Removing empty process `dram.$proc$dram.v:224$96'.
Removing empty process `dram.$proc$dram.v:219$90'.
Removing empty process `dram.$proc$dram.v:218$84'.
Removing empty process `dram.$proc$dram.v:217$78'.
Removing empty process `dram.$proc$dram.v:216$72'.
Found and cleaned up 1 empty switch in `\dram.$proc$dram.v:201$61'.
Removing empty process `dram.$proc$dram.v:201$61'.
Found and cleaned up 10 empty switches in `\dram.$proc$dram.v:159$21'.
Removing empty process `dram.$proc$dram.v:159$21'.
Removing empty process `dram.$proc$dram.v:134$7'.
Removing empty process `dram.$proc$dram.v:123$4'.
Removing empty process `dram.$proc$dram.v:122$1'.
Cleaned up 11 empty switches.

6.2.12. Executing OPT_EXPR pass (perform const folding).
Optimizing module dram.
<suppressed ~60 debug messages>

6.3. Executing FLATTEN pass (flatten design).

6.4. Executing OPT_EXPR pass (perform const folding).
Optimizing module dram.

6.5. Executing OPT_CLEAN pass (remove unused cells and wires).
Finding unused cells or wires in module \dram..
Removed 25 unused cells and 144 unused wires.
<suppressed ~26 debug messages>

6.6. Executing CHECK pass (checking for obvious problems).
Checking module dram...
Found and reported 0 problems.

6.7. Executing OPT pass (performing simple optimizations).

6.7.1. Executing OPT_EXPR pass (perform const folding).
Optimizing module dram.

6.7.2. Executing OPT_MERGE pass (detect identical cells).
Finding identical cells in module `\dram'.
<suppressed ~66 debug messages>
Removed a total of 22 cells.

6.7.3. Executing OPT_MUXTREE pass (detect dead branches in mux trees).
Running muxtree optimizer on module \dram..
  Creating internal representation of mux trees.
  Evaluating internal representation of mux trees.
      Replacing known input bits on port A of cell $procmux$212: \pa -> 1'0
      Replacing known input bits on port A of cell $procmux$210: \pa -> 1'1
      Replacing known input bits on port A of cell $procmux$208: \pa -> 1'1
  Analyzing evaluation results.
Removed 0 multiplexer ports.
<suppressed ~19 debug messages>

6.7.4. Executing OPT_REDUCE pass (consolidate $*mux and $reduce_* inputs).
  Optimizing cells in module \dram.
Performed a total of 0 changes.

6.7.5. Executing OPT_MERGE pass (detect identical cells).
Finding identical cells in module `\dram'.
Removed a total of 0 cells.

6.7.6. Executing OPT_DFF pass (perform DFF optimizations).

6.7.7. Executing OPT_CLEAN pass (remove unused cells and wires).
Finding unused cells or wires in module \dram..
Removed 0 unused cells and 22 unused wires.
<suppressed ~1 debug messages>

6.7.8. Executing OPT_EXPR pass (perform const folding).
Optimizing module dram.

6.7.9. Rerunning OPT passes. (Maybe there is more to do..)

6.7.10. Executing OPT_MUXTREE pass (detect dead branches in mux trees).
Running muxtree optimizer on module \dram..
  Creating internal representation of mux trees.
  Evaluating internal representation of mux trees.
  Analyzing evaluation results.
Removed 0 multiplexer ports.
<suppressed ~19 debug messages>

6.7.11. Executing OPT_REDUCE pass (consolidate $*mux and $reduce_* inputs).
  Optimizing cells in module \dram.
Performed a total of 0 changes.

6.7.12. Executing OPT_MERGE pass (detect identical cells).
Finding identical cells in module `\dram'.
Removed a total of 0 cells.

6.7.13. Executing OPT_DFF pass (perform DFF optimizations).

6.7.14. Executing OPT_CLEAN pass (remove unused cells and wires).
Finding unused cells or wires in module \dram..

6.7.15. Executing OPT_EXPR pass (perform const folding).
Optimizing module dram.

6.7.16. Finished OPT passes. (There is nothing left to do.)

6.8. Executing FSM pass (extract and optimize FSM).

6.8.1. Executing FSM_DETECT pass (finding FSMs in design).

6.8.2. Executing FSM_EXTRACT pass (extracting FSM from design).

6.8.3. Executing FSM_OPT pass (simple optimizations of FSMs).

6.8.4. Executing OPT_CLEAN pass (remove unused cells and wires).
Finding unused cells or wires in module \dram..

6.8.5. Executing FSM_OPT pass (simple optimizations of FSMs).

6.8.6. Executing FSM_RECODE pass (re-assigning FSM state encoding).

6.8.7. Executing FSM_INFO pass (dumping all available information on FSM cells).

6.8.8. Executing FSM_MAP pass (mapping FSMs to basic logic).

6.9. Executing OPT pass (performing simple optimizations).

6.9.1. Executing OPT_EXPR pass (perform const folding).
Optimizing module dram.

6.9.2. Executing OPT_MERGE pass (detect identical cells).
Finding identical cells in module `\dram'.
Removed a total of 0 cells.

6.9.3. Executing OPT_MUXTREE pass (detect dead branches in mux trees).
Running muxtree optimizer on module \dram..
  Creating internal representation of mux trees.
  Evaluating internal representation of mux trees.
  Analyzing evaluation results.
Removed 0 multiplexer ports.
<suppressed ~19 debug messages>

6.9.4. Executing OPT_REDUCE pass (consolidate $*mux and $reduce_* inputs).
  Optimizing cells in module \dram.
Performed a total of 0 changes.

6.9.5. Executing OPT_MERGE pass (detect identical cells).
Finding identical cells in module `\dram'.
Removed a total of 0 cells.

6.9.6. Executing OPT_DFF pass (perform DFF optimizations).
Adding EN signal on $procdff$352 ($adff) from module dram (D = $0\refm[0:0], Q = \refm).
Adding EN signal on $procdff$347 ($adff) from module dram (D = $not$dram.v:175$38_Y, Q = \rside).
Adding EN signal on $procdff$337 ($adff) from module dram (D = $0\ref_pend[0:0], Q = \ref_pend).
Adding EN signal on $procdff$332 ($adff) from module dram (D = $0\icnt[3:0], Q = \icnt).
Adding EN signal on $procdff$327 ($adff) from module dram (D = 1'1, Q = \ready).

6.9.7. Executing OPT_CLEAN pass (remove unused cells and wires).
Finding unused cells or wires in module \dram..
Removed 4 unused cells and 4 unused wires.
<suppressed ~5 debug messages>

6.9.8. Executing OPT_EXPR pass (perform const folding).
Optimizing module dram.
<suppressed ~3 debug messages>

6.9.9. Rerunning OPT passes. (Maybe there is more to do..)

6.9.10. Executing OPT_MUXTREE pass (detect dead branches in mux trees).
Running muxtree optimizer on module \dram..
  Creating internal representation of mux trees.
  Evaluating internal representation of mux trees.
  Analyzing evaluation results.
Removed 0 multiplexer ports.
<suppressed ~17 debug messages>

6.9.11. Executing OPT_REDUCE pass (consolidate $*mux and $reduce_* inputs).
  Optimizing cells in module \dram.
Performed a total of 0 changes.

6.9.12. Executing OPT_MERGE pass (detect identical cells).
Finding identical cells in module `\dram'.
<suppressed ~3 debug messages>
Removed a total of 1 cells.

6.9.13. Executing OPT_DFF pass (perform DFF optimizations).

6.9.14. Executing OPT_CLEAN pass (remove unused cells and wires).
Finding unused cells or wires in module \dram..
Removed 0 unused cells and 1 unused wires.
<suppressed ~1 debug messages>

6.9.15. Executing OPT_EXPR pass (perform const folding).
Optimizing module dram.

6.9.16. Rerunning OPT passes. (Maybe there is more to do..)

6.9.17. Executing OPT_MUXTREE pass (detect dead branches in mux trees).
Running muxtree optimizer on module \dram..
  Creating internal representation of mux trees.
  Evaluating internal representation of mux trees.
  Analyzing evaluation results.
Removed 0 multiplexer ports.
<suppressed ~17 debug messages>

6.9.18. Executing OPT_REDUCE pass (consolidate $*mux and $reduce_* inputs).
  Optimizing cells in module \dram.
Performed a total of 0 changes.

6.9.19. Executing OPT_MERGE pass (detect identical cells).
Finding identical cells in module `\dram'.
Removed a total of 0 cells.

6.9.20. Executing OPT_DFF pass (perform DFF optimizations).

6.9.21. Executing OPT_CLEAN pass (remove unused cells and wires).
Finding unused cells or wires in module \dram..

6.9.22. Executing OPT_EXPR pass (perform const folding).
Optimizing module dram.

6.9.23. Finished OPT passes. (There is nothing left to do.)

6.10. Executing WREDUCE pass (reducing word size of cells).
Removed top 28 address bits (of 32) from memory init port dram.$auto$mem.cc:328:emit$175 ($auto$proc_rom.cc:155:do_switch$173).
Removed top 8 bits (of 9) from port B of cell dram.$add$dram.v:138$11 ($add).
Removed top 3 bits (of 4) from port B of cell dram.$add$dram.v:184$50 ($add).

6.11. Executing PEEPOPT pass (run peephole optimizers).

6.12. Executing OPT_CLEAN pass (remove unused cells and wires).
Finding unused cells or wires in module \dram..

6.13. Executing ALUMACC pass (create $alu and $macc cells).
Extracting $alu and $macc cells in module dram:
  creating $macc model for $add$dram.v:138$11 ($add).
  creating $macc model for $add$dram.v:184$50 ($add).
  creating $alu model for $macc $add$dram.v:184$50.
  creating $alu model for $macc $add$dram.v:138$11.
  creating $alu cell for $add$dram.v:138$11: $auto$alumacc.cc:495:replace_alu$392
  creating $alu cell for $add$dram.v:184$50: $auto$alumacc.cc:495:replace_alu$395
  created 2 $alu and 0 $macc cells.

6.14. Executing SHARE pass (SAT-based resource sharing).

6.15. Executing OPT pass (performing simple optimizations).

6.15.1. Executing OPT_EXPR pass (perform const folding).
Optimizing module dram.

6.15.2. Executing OPT_MERGE pass (detect identical cells).
Finding identical cells in module `\dram'.
Removed a total of 0 cells.

6.15.3. Executing OPT_MUXTREE pass (detect dead branches in mux trees).
Running muxtree optimizer on module \dram..
  Creating internal representation of mux trees.
  Evaluating internal representation of mux trees.
  Analyzing evaluation results.
Removed 0 multiplexer ports.
<suppressed ~17 debug messages>

6.15.4. Executing OPT_REDUCE pass (consolidate $*mux and $reduce_* inputs).
  Optimizing cells in module \dram.
Performed a total of 0 changes.

6.15.5. Executing OPT_MERGE pass (detect identical cells).
Finding identical cells in module `\dram'.
Removed a total of 0 cells.

6.15.6. Executing OPT_DFF pass (perform DFF optimizations).

6.15.7. Executing OPT_CLEAN pass (remove unused cells and wires).
Finding unused cells or wires in module \dram..

6.15.8. Executing OPT_EXPR pass (perform const folding).
Optimizing module dram.

6.15.9. Finished OPT passes. (There is nothing left to do.)

6.16. Executing MEMORY pass.

6.16.1. Executing OPT_MEM pass (optimize memories).
Performed a total of 0 transformations.

6.16.2. Executing OPT_MEM_PRIORITY pass (removing unnecessary memory write priority relations).
Performed a total of 0 transformations.

6.16.3. Executing OPT_MEM_FEEDBACK pass (finding memory read-to-write feedback paths).

6.16.4. Executing MEMORY_BMUX2ROM pass (converting muxes to ROMs).

6.16.5. Executing MEMORY_DFF pass (merging $dff cells to $memrd).
Checking read port `$auto$proc_rom.cc:155:do_switch$173'[0] in module `\dram': no output FF found.
Checking read port address `$auto$proc_rom.cc:155:do_switch$173'[0] in module `\dram': no address FF found.

6.16.6. Executing OPT_CLEAN pass (remove unused cells and wires).
Finding unused cells or wires in module \dram..

6.16.7. Executing MEMORY_SHARE pass (consolidating $memrd/$memwr cells).

6.16.8. Executing OPT_MEM_WIDEN pass (optimize memories where all ports are wide).
Performed a total of 0 transformations.

6.16.9. Executing OPT_CLEAN pass (remove unused cells and wires).
Finding unused cells or wires in module \dram..

6.16.10. Executing MEMORY_COLLECT pass (generating $mem cells).

6.17. Executing OPT_CLEAN pass (remove unused cells and wires).
Finding unused cells or wires in module \dram..

6.18. Executing OPT pass (performing simple optimizations).

6.18.1. Executing OPT_EXPR pass (perform const folding).
Optimizing module dram.
<suppressed ~10 debug messages>

6.18.2. Executing OPT_MERGE pass (detect identical cells).
Finding identical cells in module `\dram'.
Removed a total of 0 cells.

6.18.3. Executing OPT_DFF pass (perform DFF optimizations).

6.18.4. Executing OPT_CLEAN pass (remove unused cells and wires).
Finding unused cells or wires in module \dram..
Removed 0 unused cells and 6 unused wires.
<suppressed ~1 debug messages>

6.18.5. Finished fast OPT passes.

6.19. Executing MEMORY_MAP pass (converting memories to logic and flip-flops).
Mapping memory $auto$proc_rom.cc:155:do_switch$173 in module \dram:
  created 16 $dff cells and 0 static cells of width 4.
  read interface: 0 $dff and 15 $mux cells.
  write interface: 0 write mux blocks.

6.20. Executing OPT pass (performing simple optimizations).

6.20.1. Executing OPT_EXPR pass (perform const folding).
Optimizing module dram.

6.20.2. Executing OPT_MERGE pass (detect identical cells).
Finding identical cells in module `\dram'.
Removed a total of 0 cells.

6.20.3. Executing OPT_MUXTREE pass (detect dead branches in mux trees).
Running muxtree optimizer on module \dram..
  Creating internal representation of mux trees.
  Evaluating internal representation of mux trees.
  Analyzing evaluation results.
Removed 0 multiplexer ports.
<suppressed ~16 debug messages>

6.20.4. Executing OPT_REDUCE pass (consolidate $*mux and $reduce_* inputs).
  Optimizing cells in module \dram.
    Consolidated identical input bits for $mux cell $memory$auto$proc_rom.cc:155:do_switch$173$rdmux[0][3][6]$439:
      Old ports: A=4'1110, B=4'0111, Y=$memory$auto$proc_rom.cc:155:do_switch$173$rdmux[0][2][3]$a$419
      New ports: A=2'10, B=2'01, Y={ $memory$auto$proc_rom.cc:155:do_switch$173$rdmux[0][2][3]$a$419 [3] $memory$auto$proc_rom.cc:155:do_switch$173$rdmux[0][2][3]$a$419 [0] }
      New connections: $memory$auto$proc_rom.cc:155:do_switch$173$rdmux[0][2][3]$a$419 [2:1] = 2'11
    Consolidated identical input bits for $mux cell $memory$auto$proc_rom.cc:155:do_switch$173$rdmux[0][3][5]$436:
      Old ports: A=4'0011, B=4'0001, Y=$memory$auto$proc_rom.cc:155:do_switch$173$rdmux[0][2][2]$b$417
      New ports: A=1'1, B=1'0, Y=$memory$auto$proc_rom.cc:155:do_switch$173$rdmux[0][2][2]$b$417 [1]
      New connections: { $memory$auto$proc_rom.cc:155:do_switch$173$rdmux[0][2][2]$b$417 [3:2] $memory$auto$proc_rom.cc:155:do_switch$173$rdmux[0][2][2]$b$417 [0] } = 3'001
    Consolidated identical input bits for $mux cell $memory$auto$proc_rom.cc:155:do_switch$173$rdmux[0][3][4]$433:
      Old ports: A=4'1100, B=4'0110, Y=$memory$auto$proc_rom.cc:155:do_switch$173$rdmux[0][2][2]$a$416
      New ports: A=2'10, B=2'01, Y={ $memory$auto$proc_rom.cc:155:do_switch$173$rdmux[0][2][2]$a$416 [3] $memory$auto$proc_rom.cc:155:do_switch$173$rdmux[0][2][2]$a$416 [1] }
      New connections: { $memory$auto$proc_rom.cc:155:do_switch$173$rdmux[0][2][2]$a$416 [2] $memory$auto$proc_rom.cc:155:do_switch$173$rdmux[0][2][2]$a$416 [0] } = 2'10
    Consolidated identical input bits for $mux cell $memory$auto$proc_rom.cc:155:do_switch$173$rdmux[0][3][3]$430:
      Old ports: A=4'0010, B=4'0001, Y=$memory$auto$proc_rom.cc:155:do_switch$173$rdmux[0][2][1]$b$414
      New ports: A=2'10, B=2'01, Y=$memory$auto$proc_rom.cc:155:do_switch$173$rdmux[0][2][1]$b$414 [1:0]
      New connections: $memory$auto$proc_rom.cc:155:do_switch$173$rdmux[0][2][1]$b$414 [3:2] = 2'00
    Consolidated identical input bits for $mux cell $memory$auto$proc_rom.cc:155:do_switch$173$rdmux[0][3][2]$427:
      Old ports: A=4'1000, B=4'0100, Y=$memory$auto$proc_rom.cc:155:do_switch$173$rdmux[0][2][1]$a$413
      New ports: A=2'10, B=2'01, Y=$memory$auto$proc_rom.cc:155:do_switch$173$rdmux[0][2][1]$a$413 [3:2]
      New connections: $memory$auto$proc_rom.cc:155:do_switch$173$rdmux[0][2][1]$a$413 [1:0] = 2'00
    Consolidated identical input bits for $mux cell $memory$auto$proc_rom.cc:155:do_switch$173$rdmux[0][3][1]$424:
      Old ports: A=4'0011, B=4'0001, Y=$memory$auto$proc_rom.cc:155:do_switch$173$rdmux[0][2][0]$b$411
      New ports: A=1'1, B=1'0, Y=$memory$auto$proc_rom.cc:155:do_switch$173$rdmux[0][2][0]$b$411 [1]
      New connections: { $memory$auto$proc_rom.cc:155:do_switch$173$rdmux[0][2][0]$b$411 [3:2] $memory$auto$proc_rom.cc:155:do_switch$173$rdmux[0][2][0]$b$411 [0] } = 3'001
    Consolidated identical input bits for $mux cell $memory$auto$proc_rom.cc:155:do_switch$173$rdmux[0][3][0]$421:
      Old ports: A=4'1111, B=4'0111, Y=$memory$auto$proc_rom.cc:155:do_switch$173$rdmux[0][2][0]$a$410
      New ports: A=1'1, B=1'0, Y=$memory$auto$proc_rom.cc:155:do_switch$173$rdmux[0][2][0]$a$410 [3]
      New connections: $memory$auto$proc_rom.cc:155:do_switch$173$rdmux[0][2][0]$a$410 [2:0] = 3'111
    Consolidated identical input bits for $mux cell $memory$auto$proc_rom.cc:155:do_switch$173$rdmux[0][3][7]$442:
      Old ports: A=4'0011, B=4'0001, Y=$memory$auto$proc_rom.cc:155:do_switch$173$rdmux[0][2][3]$b$420
      New ports: A=1'1, B=1'0, Y=$memory$auto$proc_rom.cc:155:do_switch$173$rdmux[0][2][3]$b$420 [1]
      New connections: { $memory$auto$proc_rom.cc:155:do_switch$173$rdmux[0][2][3]$b$420 [3:2] $memory$auto$proc_rom.cc:155:do_switch$173$rdmux[0][2][3]$b$420 [0] } = 3'001
  Optimizing cells in module \dram.
    Consolidated identical input bits for $mux cell $memory$auto$proc_rom.cc:155:do_switch$173$rdmux[0][2][0]$409:
      Old ports: A=$memory$auto$proc_rom.cc:155:do_switch$173$rdmux[0][2][0]$a$410, B=$memory$auto$proc_rom.cc:155:do_switch$173$rdmux[0][2][0]$b$411, Y=$memory$auto$proc_rom.cc:155:do_switch$173$rdmux[0][1][0]$a$404
      New ports: A={ $memory$auto$proc_rom.cc:155:do_switch$173$rdmux[0][2][0]$a$410 [3] 2'11 }, B={ 2'00 $memory$auto$proc_rom.cc:155:do_switch$173$rdmux[0][2][0]$b$411 [1] }, Y=$memory$auto$proc_rom.cc:155:do_switch$173$rdmux[0][1][0]$a$404 [3:1]
      New connections: $memory$auto$proc_rom.cc:155:do_switch$173$rdmux[0][1][0]$a$404 [0] = 1'1
  Optimizing cells in module \dram.
Performed a total of 9 changes.

6.20.5. Executing OPT_MERGE pass (detect identical cells).
Finding identical cells in module `\dram'.
<suppressed ~18 debug messages>
Removed a total of 6 cells.

6.20.6. Executing OPT_SHARE pass.

6.20.7. Executing OPT_DFF pass (perform DFF optimizations).

6.20.8. Executing OPT_CLEAN pass (remove unused cells and wires).
Finding unused cells or wires in module \dram..
Removed 0 unused cells and 22 unused wires.
<suppressed ~1 debug messages>

6.20.9. Executing OPT_EXPR pass (perform const folding).
Optimizing module dram.
<suppressed ~1 debug messages>

6.20.10. Rerunning OPT passes. (Maybe there is more to do..)

6.20.11. Executing OPT_MUXTREE pass (detect dead branches in mux trees).
Running muxtree optimizer on module \dram..
  Creating internal representation of mux trees.
  Evaluating internal representation of mux trees.
  Analyzing evaluation results.
Removed 0 multiplexer ports.
<suppressed ~17 debug messages>

6.20.12. Executing OPT_REDUCE pass (consolidate $*mux and $reduce_* inputs).
  Optimizing cells in module \dram.
Performed a total of 0 changes.

6.20.13. Executing OPT_MERGE pass (detect identical cells).
Finding identical cells in module `\dram'.
Removed a total of 0 cells.

6.20.14. Executing OPT_SHARE pass.

6.20.15. Executing OPT_DFF pass (perform DFF optimizations).

6.20.16. Executing OPT_CLEAN pass (remove unused cells and wires).
Finding unused cells or wires in module \dram..

6.20.17. Executing OPT_EXPR pass (perform const folding).
Optimizing module dram.

6.20.18. Finished OPT passes. (There is nothing left to do.)

6.21. Executing TECHMAP pass (map to technology primitives).

6.21.1. Executing Verilog-2005 frontend: /usr/bin/../share/yosys/techmap.v
Parsing Verilog input from `/usr/bin/../share/yosys/techmap.v' to AST representation.
Generating RTLIL representation for module `\_90_simplemap_bool_ops'.
Generating RTLIL representation for module `\_90_simplemap_reduce_ops'.
Generating RTLIL representation for module `\_90_simplemap_logic_ops'.
Generating RTLIL representation for module `\_90_simplemap_compare_ops'.
Generating RTLIL representation for module `\_90_simplemap_various'.
Generating RTLIL representation for module `\_90_simplemap_registers'.
Generating RTLIL representation for module `\_90_shift_ops_shr_shl_sshl_sshr'.
Generating RTLIL representation for module `\_90_shift_shiftx'.
Generating RTLIL representation for module `\_90_fa'.
Generating RTLIL representation for module `\_90_lcu_brent_kung'.
Generating RTLIL representation for module `\_90_alu'.
Generating RTLIL representation for module `\_90_macc'.
Generating RTLIL representation for module `\_90_alumacc'.
Generating RTLIL representation for module `\$__div_mod_u'.
Generating RTLIL representation for module `\$__div_mod_trunc'.
Generating RTLIL representation for module `\_90_div'.
Generating RTLIL representation for module `\_90_mod'.
Generating RTLIL representation for module `\$__div_mod_floor'.
Generating RTLIL representation for module `\_90_divfloor'.
Generating RTLIL representation for module `\_90_modfloor'.
Generating RTLIL representation for module `\_90_pow'.
Generating RTLIL representation for module `\_90_pmux'.
Generating RTLIL representation for module `\_90_demux'.
Generating RTLIL representation for module `\_90_lut'.
Successfully finished Verilog frontend.

6.21.2. Continuing TECHMAP pass.
Using extmapper simplemap for cells of type $not.
Using extmapper simplemap for cells of type $and.
Using extmapper simplemap for cells of type $reduce_bool.
Using extmapper simplemap for cells of type $eq.
Using template $paramod$32a7b7b86c07519b7537abc18e96f0331f97914d\_90_alu for cells of type $alu.
Using extmapper simplemap for cells of type $mux.
Using extmapper simplemap for cells of type $or.
Using extmapper simplemap for cells of type $ne.
Using template $paramod$53700bbee849b2010ad0b60a61ccd204a10e24ca\_90_alu for cells of type $alu.
Using extmapper simplemap for cells of type $adffe.
Using extmapper simplemap for cells of type $reduce_and.
Using extmapper simplemap for cells of type $tribuf.
Using extmapper simplemap for cells of type $adff.
Using extmapper simplemap for cells of type $dff.
Using extmapper simplemap for cells of type $xor.
Using template $paramod\_90_lcu_brent_kung\WIDTH=32'00000000000000000000000000000100 for cells of type $lcu.
Using extmapper simplemap for cells of type $pos.
Using template $paramod\_90_lcu_brent_kung\WIDTH=32'00000000000000000000000000001001 for cells of type $lcu.
No more expansions possible.
<suppressed ~581 debug messages>

6.22. Executing OPT pass (performing simple optimizations).

6.22.1. Executing OPT_EXPR pass (perform const folding).
Optimizing module dram.
<suppressed ~103 debug messages>

6.22.2. Executing OPT_MERGE pass (detect identical cells).
Finding identical cells in module `\dram'.
<suppressed ~75 debug messages>
Removed a total of 25 cells.

6.22.3. Executing OPT_DFF pass (perform DFF optimizations).

6.22.4. Executing OPT_CLEAN pass (remove unused cells and wires).
Finding unused cells or wires in module \dram..
Removed 6 unused cells and 97 unused wires.
<suppressed ~7 debug messages>

6.22.5. Finished fast OPT passes.

6.23. Executing HIERARCHY pass (managing design hierarchy).
Attribute `top' found on module `dram'. Setting top module to dram.

6.23.1. Analyzing design hierarchy..
Top module:  \dram

6.23.2. Analyzing design hierarchy..
Top module:  \dram
Removed 0 unused modules.

6.24. Printing statistics.

=== dram ===

   Number of wires:                259
   Number of wire bits:            350
   Number of public wires:         113
   Number of public wire bits:     130
   Number of ports:                 58
   Number of port bits:             58
   Number of memories:               0
   Number of memory bits:            0
   Number of processes:              0
   Number of cells:                269
     $_AND_                         58
     $_DFFE_PN0P_                    8
     $_DFF_PN0_                     24
     $_DFF_PN1_                      2
     $_DFF_PP0_                      4
     $_DFF_PP1_                     10
     $_DFF_P_                        2
     $_MUX_                         48
     $_NOT_                         52
     $_OR_                          48
     $_TBUF_                         2
     $_XOR_                         11

6.25. Executing CHECK pass (checking for obvious problems).
Checking module dram...
Found and reported 0 problems.

yosys> stat

7. Printing statistics.

=== dram ===

   Number of wires:                259
   Number of wire bits:            350
   Number of public wires:         113
   Number of public wire bits:     130
   Number of ports:                 58
   Number of port bits:             58
   Number of memories:               0
   Number of memory bits:            0
   Number of processes:              0
   Number of cells:                269
     $_AND_                         58
     $_DFFE_PN0P_                    8
     $_DFF_PN0_                     24
     $_DFF_PN1_                      2
     $_DFF_PP0_                      4
     $_DFF_PP1_                     10
     $_DFF_P_                        2
     $_MUX_                         48
     $_NOT_                         52
     $_OR_                          48
     $_TBUF_                         2
     $_XOR_                         11


yosys> techmap -map /opt/atf15xx_yosys/techmap.v -D skip_DFFE_XX_
8. Executing TECHMAP pass (map to technology primitives).

8.1. Executing Verilog-2005 frontend: /opt/atf15xx_yosys/techmap.v
Parsing Verilog input from `/opt/atf15xx_yosys/techmap.v' to AST representation.
Generating RTLIL representation for module `\$_DLATCH_P_'.
Generating RTLIL representation for module `\$_DLATCH_N_'.
Generating RTLIL representation for module `\$_DLATCH_NN0_'.
Generating RTLIL representation for module `\$_DLATCH_NN1_'.
Generating RTLIL representation for module `\$_DLATCH_NP0_'.
Generating RTLIL representation for module `\$_DLATCH_NP1_'.
Generating RTLIL representation for module `\$_DLATCH_PN0_'.
Generating RTLIL representation for module `\$_DLATCH_PN1_'.
Generating RTLIL representation for module `\$_DLATCH_PP0_'.
Generating RTLIL representation for module `\$_DLATCH_PP1_'.
Generating RTLIL representation for module `\$_DLATCHSR_NNN_'.
Generating RTLIL representation for module `\$_DLATCHSR_NNP_'.
Generating RTLIL representation for module `\$_DLATCHSR_NPN_'.
Generating RTLIL representation for module `\$_DLATCHSR_NPP_'.
Generating RTLIL representation for module `\$_DLATCHSR_PNN_'.
Generating RTLIL representation for module `\$_DLATCHSR_PNP_'.
Generating RTLIL representation for module `\$_DLATCHSR_PPN_'.
Generating RTLIL representation for module `\$_DLATCHSR_PPP_'.
Generating RTLIL representation for module `\$_DFFE_NN0P_'.
Generating RTLIL representation for module `\$_DFFE_PP1P_'.
Generating RTLIL representation for module `\$_DFFSRE_PPPP_'.
Successfully finished Verilog frontend.

8.2. Continuing TECHMAP pass.
No more expansions possible.
<suppressed ~23 debug messages>

yosys> stat

9. Printing statistics.

=== dram ===

   Number of wires:                259
   Number of wire bits:            350
   Number of public wires:         113
   Number of public wire bits:     130
   Number of ports:                 58
   Number of port bits:             58
   Number of memories:               0
   Number of memory bits:            0
   Number of processes:              0
   Number of cells:                269
     $_AND_                         58
     $_DFFE_PN0P_                    8
     $_DFF_PN0_                     24
     $_DFF_PN1_                      2
     $_DFF_PP0_                      4
     $_DFF_PP1_                     10
     $_DFF_P_                        2
     $_MUX_                         48
     $_NOT_                         52
     $_OR_                          48
     $_TBUF_                         2
     $_XOR_                         11


yosys> simplemap
10. Executing SIMPLEMAP pass (map simple cells to gate primitives).

yosys> stat

11. Printing statistics.

=== dram ===

   Number of wires:                259
   Number of wire bits:            350
   Number of public wires:         113
   Number of public wire bits:     130
   Number of ports:                 58
   Number of port bits:             58
   Number of memories:               0
   Number of memory bits:            0
   Number of processes:              0
   Number of cells:                269
     $_AND_                         58
     $_DFFE_PN0P_                    8
     $_DFF_PN0_                     24
     $_DFF_PN1_                      2
     $_DFF_PP0_                      4
     $_DFF_PP1_                     10
     $_DFF_P_                        2
     $_MUX_                         48
     $_NOT_                         52
     $_OR_                          48
     $_TBUF_                         2
     $_XOR_                         11


yosys> dfflibmap -liberty /opt/atf15xx_yosys/cells.lib
12. Executing DFFLIBMAP pass (mapping DFF cells to sequential cells from liberty file).
  cell DFF (noninv, pins=4, area=600.00) is a direct match for cell type $_DFF_P_.
  cell DFFAR (noninv, pins=5, area=600.00) is a direct match for cell type $_DFF_PP0_.
  cell DFFAS (noninv, pins=5, area=600.00) is a direct match for cell type $_DFF_PP1_.
  cell DFFARS (noninv, pins=6, area=600.00) is a direct match for cell type $_DFFSR_PPP_.
  final dff cell mappings:
    unmapped dff cell: $_DFF_N_
    \DFF _DFF_P_ (.CLK( C), .D( D), .Q( Q), .QN(~Q));
    unmapped dff cell: $_DFF_NN0_
    unmapped dff cell: $_DFF_NN1_
    unmapped dff cell: $_DFF_NP0_
    unmapped dff cell: $_DFF_NP1_
    unmapped dff cell: $_DFF_PN0_
    unmapped dff cell: $_DFF_PN1_
    \DFFAR _DFF_PP0_ (.AR( R), .CLK( C), .D( D), .Q( Q), .QN(~Q));
    \DFFAS _DFF_PP1_ (.AS( R), .CLK( C), .D( D), .Q( Q), .QN(~Q));
    unmapped dff cell: $_DFFE_NN_
    unmapped dff cell: $_DFFE_NP_
    unmapped dff cell: $_DFFE_PN_
    unmapped dff cell: $_DFFE_PP_
    unmapped dff cell: $_DFFSR_NNN_
    unmapped dff cell: $_DFFSR_NNP_
    unmapped dff cell: $_DFFSR_NPN_
    unmapped dff cell: $_DFFSR_NPP_
    unmapped dff cell: $_DFFSR_PNN_
    unmapped dff cell: $_DFFSR_PNP_
    unmapped dff cell: $_DFFSR_PPN_
    \DFFARS _DFFSR_PPP_ (.AR( R), .AS( S), .CLK( C), .D( D), .Q( Q), .QN(~Q));

12.1. Executing DFFLEGALIZE pass (convert FFs to types supported by the target).
Mapping DFF cells in module `\dram':
  mapped 36 $_DFF_PP0_ cells to \DFFAR cells.
  mapped 12 $_DFF_PP1_ cells to \DFFAS cells.
  mapped 2 $_DFF_P_ cells to \DFF cells.

yosys> stat

13. Printing statistics.

=== dram ===

   Number of wires:                379
   Number of wire bits:            470
   Number of public wires:         113
   Number of public wire bits:     130
   Number of ports:                 58
   Number of port bits:             58
   Number of memories:               0
   Number of memory bits:            0
   Number of processes:              0
   Number of cells:                311
     $_AND_                         58
     $_MUX_                         56
     $_NOT_                         86
     $_OR_                          48
     $_TBUF_                         2
     $_XOR_                         11
     DFF                             2
     DFFAR                          36
     DFFAS                          12


yosys> abc -liberty /opt/atf15xx_yosys/cells.lib
14. Executing ABC pass (technology mapping using ABC).

14.1. Extracting gate netlist of module `\dram' to `<abc-temp-dir>/input.blif'..
Extracted 259 gates and 369 wires to a netlist network with 108 inputs and 89 outputs.

14.1.1. Executing ABC.
Running ABC command: "<yosys-exe-dir>/yosys-abc" -s -f <abc-temp-dir>/abc.script 2>&1
ABC: ABC command line: "source <abc-temp-dir>/abc.script".
ABC: 
ABC: + read_blif <abc-temp-dir>/input.blif 
ABC: + read_lib -w /opt/atf15xx_yosys/cells.lib 
ABC: Parsing finished successfully.  Parsing time =     0.00 sec
ABC: Warning: Templates are not defined.
ABC: Liberty parser cannot read "time_unit".  Assuming   time_unit : "1ns".
ABC: Liberty parser cannot read "capacitive_load_unit". Assuming   capacitive_load_unit(1, pf).
ABC: Scl_LibertyReadGenlib() skipped cell "bibuf" without logic function.
ABC: Scl_LibertyReadGenlib() skipped cell "TRI" without logic function.
ABC: Scl_LibertyReadGenlib() skipped sequential cell "DFFEARS".
ABC: Scl_LibertyReadGenlib() skipped sequential cell "DFF".
ABC: Scl_LibertyReadGenlib() skipped sequential cell "DFFE".
ABC: Scl_LibertyReadGenlib() skipped sequential cell "DFFAR".
ABC: Scl_LibertyReadGenlib() skipped sequential cell "DFFAS".
ABC: Scl_LibertyReadGenlib() skipped sequential cell "DFFARS".
ABC: Scl_LibertyReadGenlib() skipped sequential cell "LATCH".
ABC: Library "atf15xx" from "/opt/atf15xx_yosys/cells.lib" has 93 cells (9 skipped: 7 seq; 0 tri-state; 2 no func; 0 dont_use).  Time =     0.00 sec
ABC: Memory =    0.17 MB. Time =     0.00 sec
ABC: + strash 
ABC: + &get -n 
ABC: + &fraig -x 
ABC: + &put 
ABC: + scorr 
ABC: Warning: The network is combinational (run "fraig" or "fraig_sweep").
ABC: + dc2 
ABC: + dretime 
ABC: + strash 
ABC: + &get -n 
ABC: + &dch -f 
ABC: + &nf 
ABC: + &put 
ABC: + write_blif <abc-temp-dir>/output.blif 

14.1.2. Re-integrating ABC results.
ABC RESULTS:              AND2 cells:       30
ABC RESULTS:            AND2I1 cells:        4
ABC RESULTS:            AND2I2 cells:        4
ABC RESULTS:              AND3 cells:        3
ABC RESULTS:            AND3I1 cells:        2
ABC RESULTS:            AND3I2 cells:        2
ABC RESULTS:            AND3I3 cells:        6
ABC RESULTS:              AND4 cells:        1
ABC RESULTS:            AND4I1 cells:        1
ABC RESULTS:              AND5 cells:        1
ABC RESULTS:               INV cells:       36
ABC RESULTS:             NAND2 cells:       46
ABC RESULTS:           NAND2I1 cells:       25
ABC RESULTS:           NAND2I2 cells:       14
ABC RESULTS:             NAND3 cells:        6
ABC RESULTS:           NAND3I1 cells:        1
ABC RESULTS:           NAND3I2 cells:        1
ABC RESULTS:           NAND3I3 cells:        1
ABC RESULTS:             NAND4 cells:        1
ABC RESULTS:           NAND4I3 cells:        1
ABC RESULTS:             NAND5 cells:        1
ABC RESULTS:            NOR2I1 cells:        1
ABC RESULTS:              NOR6 cells:        1
ABC RESULTS:             OR3I2 cells:        1
ABC RESULTS:             XNOR2 cells:        8
ABC RESULTS:        internal signals:      172
ABC RESULTS:           input signals:      108
ABC RESULTS:          output signals:       89
Removing temp directory.

yosys> stat

15. Printing statistics.

=== dram ===

   Number of wires:                685
   Number of wire bits:            776
   Number of public wires:         113
   Number of public wire bits:     130
   Number of ports:                 58
   Number of port bits:             58
   Number of memories:               0
   Number of memory bits:            0
   Number of processes:              0
   Number of cells:                250
     $_TBUF_                         2
     AND2                           30
     AND2I1                          4
     AND2I2                          4
     AND3                            3
     AND3I1                          2
     AND3I2                          2
     AND3I3                          6
     AND4                            1
     AND4I1                          1
     AND5                            1
     DFF                             2
     DFFAR                          36
     DFFAS                          12
     INV                            36
     NAND2                          46
     NAND2I1                        25
     NAND2I2                        14
     NAND3                           6
     NAND3I1                         1
     NAND3I2                         1
     NAND3I3                         1
     NAND4                           1
     NAND4I3                         1
     NAND5                           1
     NOR2I1                          1
     NOR6                            1
     OR3I2                           1
     XNOR2                           8


yosys> #hilomap -hicell VCC X -locell GND X

yosys> #stat

yosys> <:Q -toutpad TRI ENA:A:Q -tinoutpad bibuf EN:Q:A:PAD
16. Executing IOPADMAP pass (mapping inputs/outputs to IO-PAD cells).
Mapping port dram.DSACK0_n[0] using TRI.
Mapping port dram.DSACK1_n[0] using TRI.
Mapping port dram.A0 using INBUF.
Mapping port dram.A1 using INBUF.
Mapping port dram.A10 using INBUF.
Mapping port dram.A11 using INBUF.
Mapping port dram.A12 using INBUF.
Mapping port dram.A13 using INBUF.
Mapping port dram.A14 using INBUF.
Mapping port dram.A15 using INBUF.
Mapping port dram.A16 using INBUF.
Mapping port dram.A17 using INBUF.
Mapping port dram.A18 using INBUF.
Mapping port dram.A19 using INBUF.
Mapping port dram.A2 using INBUF.
Mapping port dram.A20 using INBUF.
Mapping port dram.A21 using INBUF.
Mapping port dram.A22 using INBUF.
Mapping port dram.A23 using INBUF.
Mapping port dram.A24 using INBUF.
Mapping port dram.A25 using INBUF.
Mapping port dram.A26 using INBUF.
Mapping port dram.A3 using INBUF.
Mapping port dram.A4 using INBUF.
Mapping port dram.A5 using INBUF.
Mapping port dram.A6 using INBUF.
Mapping port dram.A7 using INBUF.
Mapping port dram.A8 using INBUF.
Mapping port dram.A9 using INBUF.
Mapping port dram.AS_n using INBUF.
Mapping port dram.CAS0_n using BUF.
Mapping port dram.CAS1_n using BUF.
Mapping port dram.CAS2_n using BUF.
Mapping port dram.CAS3_n using BUF.
Mapping port dram.DRAM_CLK using INBUF.
Mapping port dram.DRAM_SEL_n using INBUF.
Mapping port dram.MA0 using BUF.
Mapping port dram.MA1 using BUF.
Mapping port dram.MA10 using BUF.
Mapping port dram.MA11 using BUF.
Mapping port dram.MA2 using BUF.
Mapping port dram.MA3 using BUF.
Mapping port dram.MA4 using BUF.
Mapping port dram.MA5 using BUF.
Mapping port dram.MA6 using BUF.
Mapping port dram.MA7 using BUF.
Mapping port dram.MA8 using BUF.
Mapping port dram.MA9 using BUF.
Mapping port dram.MUX_SEL using BUF.
Mapping port dram.PWR_RST_n using INBUF.
Mapping port dram.RAS0_n using BUF.
Mapping port dram.RAS1_n using BUF.
Mapping port dram.RAS2_n using BUF.
Mapping port dram.RAS3_n using BUF.
Mapping port dram.R_W using INBUF.
Mapping port dram.SIZ0 using INBUF.
Mapping port dram.SIZ1 using INBUF.
Mapping port dram.WE_n using BUF.

yosys> stat

17. Printing statistics.

=== dram ===

   Number of wires:                743
   Number of wire bits:            834
   Number of public wires:         113
   Number of public wire bits:     130
   Number of ports:                 58
   Number of port bits:             58
   Number of memories:               0
   Number of memory bits:            0
   Number of processes:              0
   Number of cells:                306
     AND2                           30
     AND2I1                          4
     AND2I2                          4
     AND3                            3
     AND3I1                          2
     AND3I2                          2
     AND3I3                          6
     AND4                            1
     AND4I1                          1
     AND5                            1
     BUF                            22
     DFF                             2
     DFFAR                          36
     DFFAS                          12
     INBUF                          34
     INV                            36
     NAND2                          46
     NAND2I1                        25
     NAND2I2                        14
     NAND3                           6
     NAND3I1                         1
     NAND3I2                         1
     NAND3I3                         1
     NAND4                           1
     NAND4I3                         1
     NAND5                           1
     NOR2I1                          1
     NOR6                            1
     OR3I2                           1
     TRI                             2
     XNOR2                           8


yosys> clean
Removed 0 unused cells and 372 unused wires.

yosys> stat

18. Printing statistics.

=== dram ===

   Number of wires:                371
   Number of wire bits:            404
   Number of public wires:         105
   Number of public wire bits:     119
   Number of ports:                 58
   Number of port bits:             58
   Number of memories:               0
   Number of memory bits:            0
   Number of processes:              0
   Number of cells:                306
     AND2                           30
     AND2I1                          4
     AND2I2                          4
     AND3                            3
     AND3I1                          2
     AND3I2                          2
     AND3I3                          6
     AND4                            1
     AND4I1                          1
     AND5                            1
     BUF                            22
     DFF                             2
     DFFAR                          36
     DFFAS                          12
     INBUF                          34
     INV                            36
     NAND2                          46
     NAND2I1                        25
     NAND2I2                        14
     NAND3                           6
     NAND3I1                         1
     NAND3I2                         1
     NAND3I3                         1
     NAND4                           1
     NAND4I3                         1
     NAND5                           1
     NOR2I1                          1
     NOR6                            1
     OR3I2                           1
     TRI                             2
     XNOR2                           8


yosys> hierarchy
19. Executing HIERARCHY pass (managing design hierarchy).
Attribute `top' found on module `dram'. Setting top module to dram.

19.1. Analyzing design hierarchy..
Top module:  \dram

19.2. Analyzing design hierarchy..
Top module:  \dram
Removed 0 unused modules.

yosys> stat

20. Printing statistics.

=== dram ===

   Number of wires:                371
   Number of wire bits:            404
   Number of public wires:         105
   Number of public wire bits:     119
   Number of ports:                 58
   Number of port bits:             58
   Number of memories:               0
   Number of memory bits:            0
   Number of processes:              0
   Number of cells:                306
     AND2                           30
     AND2I1                          4
     AND2I2                          4
     AND3                            3
     AND3I1                          2
     AND3I2                          2
     AND3I3                          6
     AND4                            1
     AND4I1                          1
     AND5                            1
     BUF                            22
     DFF                             2
     DFFAR                          36
     DFFAS                          12
     INBUF                          34
     INV                            36
     NAND2                          46
     NAND2I1                        25
     NAND2I2                        14
     NAND3                           6
     NAND3I1                         1
     NAND3I2                         1
     NAND3I3                         1
     NAND4                           1
     NAND4I3                         1
     NAND5                           1
     NOR2I1                          1
     NOR6                            1
     OR3I2                           1
     TRI                             2
     XNOR2                           8


yosys> splitnets -format _
21. Executing SPLITNETS pass (splitting up multi-bit signals).

yosys> rename -wire -suffix _reg t:*DFF*

yosys> rename -wire -suffix _comb

yosys> #write_edif -attrprop dram.edif

yosys> delete t:$scopeinfo

yosys> write_edif -lsbidx dram.edif

22. Executing EDIF backend.

yosys> exit

Warnings: 2 unique messages, 2 total
End of script. Logfile hash: af6f19b639, CPU: user 0.14s system 0.00s, MEM: 19.63 MB peak
Yosys 0.52 (git sha1 fee39a3284c90249e1d9684cf6944ffbbcbb8f90)
Time spent: 49% 1x abc (0 sec), 11% 20x opt_expr (0 sec), ...
+ [ -lsbidx =  ]
